Component: ARM Compiler 5.06 update 5 (build 528) Tool: armlink [4d35e2]

==============================================================================

Section Cross References

    main.o(i.main) refers to delay.o(i.delay_init) for delay_init
    main.o(i.main) refers to led.o(i.LED_Init) for LED_Init
    main.o(i.main) refers to wifi.o(i.wifi_GPIO_Init) for wifi_GPIO_Init
    main.o(i.main) refers to usart.o(i.uart_init) for uart_init
    main.o(i.main) refers to usart2.o(i.USART2_Init) for USART2_Init
    main.o(i.main) refers to dht11.o(i.DHT11_Init) for DHT11_Init
    main.o(i.main) refers to wifi.o(i.rst_wifi) for rst_wifi
    main.o(i.main) refers to wifi.o(i.init_wifi) for init_wifi
    main.o(i.main) refers to timer.o(i.TIM3_Int_Init) for TIM3_Int_Init
    main.o(i.main) refers to strcpy.o(.text) for strcpy
    main.o(i.main) refers to strlen.o(.text) for strlen
    main.o(i.main) refers to memcmp.o(.text) for memcmp
    main.o(i.main) refers to __2printf.o(.text) for __2printf
    main.o(i.main) refers to usart2.o(.data) for USART2_RX_STA
    main.o(i.main) refers to usart2.o(.bss) for USART2_RX_BUF
    main.o(i.main) refers to main.o(.bss) for buf1
    main.o(i.main) refers to main.o(.data) for cmdLEDON
    main.o(.data) refers to main.o(.conststring) for .conststring
    system_stm32f10x.o(i.SetSysClock) refers to system_stm32f10x.o(i.SetSysClockTo72) for SetSysClockTo72
    system_stm32f10x.o(i.SystemCoreClockUpdate) refers to system_stm32f10x.o(.data) for SystemCoreClock
    system_stm32f10x.o(i.SystemInit) refers to system_stm32f10x.o(i.SetSysClock) for SetSysClock
    led.o(i.LED_Init) refers to stm32f10x_rcc.o(i.RCC_APB2PeriphClockCmd) for RCC_APB2PeriphClockCmd
    led.o(i.LED_Init) refers to stm32f10x_gpio.o(i.GPIO_Init) for GPIO_Init
    led.o(i.LED_Init) refers to stm32f10x_gpio.o(i.GPIO_SetBits) for GPIO_SetBits
    dht11.o(i.DHT11_Check) refers to delay.o(i.delay_us) for delay_us
    dht11.o(i.DHT11_Check) refers to stm32f10x_gpio.o(i.GPIO_ReadInputDataBit) for GPIO_ReadInputDataBit
    dht11.o(i.DHT11_Init) refers to stm32f10x_rcc.o(i.RCC_APB2PeriphClockCmd) for RCC_APB2PeriphClockCmd
    dht11.o(i.DHT11_Init) refers to stm32f10x_gpio.o(i.GPIO_Init) for GPIO_Init
    dht11.o(i.DHT11_Init) refers to dht11.o(i.DHT11_Rst) for DHT11_Rst
    dht11.o(i.DHT11_Init) refers to dht11.o(i.DHT11_Check) for DHT11_Check
    dht11.o(i.DHT11_Read_Bit) refers to delay.o(i.delay_us) for delay_us
    dht11.o(i.DHT11_Read_Bit) refers to stm32f10x_gpio.o(i.GPIO_ReadInputDataBit) for GPIO_ReadInputDataBit
    dht11.o(i.DHT11_Read_Byte) refers to dht11.o(i.DHT11_Read_Bit) for DHT11_Read_Bit
    dht11.o(i.DHT11_Read_Data) refers to dht11.o(i.DHT11_Rst) for DHT11_Rst
    dht11.o(i.DHT11_Read_Data) refers to dht11.o(i.DHT11_Check) for DHT11_Check
    dht11.o(i.DHT11_Read_Data) refers to dht11.o(i.DHT11_Read_Byte) for DHT11_Read_Byte
    dht11.o(i.DHT11_Rst) refers to stm32f10x_gpio.o(i.GPIO_WriteBit) for GPIO_WriteBit
    dht11.o(i.DHT11_Rst) refers to delay.o(i.delay_ms) for delay_ms
    dht11.o(i.DHT11_Rst) refers to delay.o(i.delay_us) for delay_us
    wifi.o(i.init_wifi) refers to __2printf.o(.text) for __2printf
    wifi.o(i.init_wifi) refers to wifi.o(i.wifi_send_cmd) for wifi_send_cmd
    wifi.o(i.rst_wifi) refers to stm32f10x_gpio.o(i.GPIO_ResetBits) for GPIO_ResetBits
    wifi.o(i.rst_wifi) refers to delay.o(i.delay_ms) for delay_ms
    wifi.o(i.rst_wifi) refers to stm32f10x_gpio.o(i.GPIO_SetBits) for GPIO_SetBits
    wifi.o(i.wifi_GPIO_Init) refers to stm32f10x_rcc.o(i.RCC_APB2PeriphClockCmd) for RCC_APB2PeriphClockCmd
    wifi.o(i.wifi_GPIO_Init) refers to stm32f10x_gpio.o(i.GPIO_Init) for GPIO_Init
    wifi.o(i.wifi_GPIO_Init) refers to stm32f10x_gpio.o(i.GPIO_SetBits) for GPIO_SetBits
    wifi.o(i.wifi_check_cmd) refers to strstr.o(.text) for strstr
    wifi.o(i.wifi_check_cmd) refers to usart2.o(.data) for USART2_RX_STA
    wifi.o(i.wifi_check_cmd) refers to usart2.o(.bss) for USART2_RX_BUF
    wifi.o(i.wifi_send_cmd) refers to usart2.o(i.u2_printf) for u2_printf
    wifi.o(i.wifi_send_cmd) refers to delay.o(i.delay_ms) for delay_ms
    wifi.o(i.wifi_send_cmd) refers to wifi.o(i.wifi_check_cmd) for wifi_check_cmd
    wifi.o(i.wifi_send_cmd) refers to usart2.o(.data) for USART2_RX_STA
    delay.o(i.delay_init) refers to misc.o(i.SysTick_CLKSourceConfig) for SysTick_CLKSourceConfig
    delay.o(i.delay_init) refers to system_stm32f10x.o(.data) for SystemCoreClock
    delay.o(i.delay_init) refers to delay.o(.data) for fac_us
    delay.o(i.delay_ms) refers to delay.o(.data) for fac_ms
    delay.o(i.delay_us) refers to delay.o(.data) for fac_us
    usart.o(i.USART1_IRQHandler) refers (Special) to use_no_semi_2.o(.text) for __use_no_semihosting
    usart.o(i.USART1_IRQHandler) refers to stm32f10x_usart.o(i.USART_GetITStatus) for USART_GetITStatus
    usart.o(i.USART1_IRQHandler) refers to stm32f10x_usart.o(i.USART_ReceiveData) for USART_ReceiveData
[...]
    .ARM.Collect$$_printf_percent$$0000000A  0x080001de   Section        6  _printf_u.o(.ARM.Collect$$_printf_percent$$0000000A)
    .ARM.Collect$$_printf_percent$$0000000B  0x080001e4   Section        6  _printf_o.o(.ARM.Collect$$_printf_percent$$0000000B)
    .ARM.Collect$$_printf_percent$$0000000C  0x080001ea   Section        6  _printf_x.o(.ARM.Collect$$_printf_percent$$0000000C)
    .ARM.Collect$$_printf_percent$$0000000D  0x080001f0   Section        6  _printf_lli.o(.ARM.Collect$$_printf_percent$$0000000D)
    .ARM.Collect$$_printf_percent$$0000000E  0x080001f6   Section        6  _printf_lld.o(.ARM.Collect$$_printf_percent$$0000000E)
    .ARM.Collect$$_printf_percent$$0000000F  0x080001fc   Section        6  _printf_llu.o(.ARM.Collect$$_printf_percent$$0000000F)
    .ARM.Collect$$_printf_percent$$00000010  0x08000202   Section        6  _printf_llo.o(.ARM.Collect$$_printf_percent$$00000010)
    .ARM.Collect$$_printf_percent$$00000011  0x08000208   Section        6  _printf_llx.o(.ARM.Collect$$_printf_percent$$00000011)
    .ARM.Collect$$_printf_percent$$00000012  0x0800020e   Section       10  _printf_l.o(.ARM.Collect$$_printf_percent$$00000012)
    .ARM.Collect$$_printf_percent$$00000013  0x08000218   Section        6  _printf_c.o(.ARM.Collect$$_printf_percent$$00000013)
    .ARM.Collect$$_printf_percent$$00000014  0x0800021e   Section        6  _printf_s.o(.ARM.Collect$$_printf_percent$$00000014)
    .ARM.Collect$$_printf_percent$$00000015  0x08000224   Section        6  _printf_lc.o(.ARM.Collect$$_printf_percent$$00000015)
    .ARM.Collect$$_printf_percent$$00000016  0x0800022a   Section        6  _printf_ls.o(.ARM.Collect$$_printf_percent$$00000016)
    .ARM.Collect$$_printf_percent$$00000017  0x08000230   Section        4  _printf_percent_end.o(.ARM.Collect$$_printf_percent$$00000017)
    .ARM.Collect$$libinit$$00000000          0x08000234   Section        2  libinit.o(.ARM.Collect$$libinit$$00000000)
    .ARM.Collect$$libinit$$00000002          0x08000236   Section        0  libinit2.o(.ARM.Collect$$libinit$$00000002)
    .ARM.Collect$$libinit$$00000004          0x08000236   Section        0  libinit2.o(.ARM.Collect$$libinit$$00000004)
    .ARM.Collect$$libinit$$0000000A          0x08000236   Section        0  libinit2.o(.ARM.Collect$$libinit$$0000000A)
    .ARM.Collect$$libinit$$0000000C          0x08000236   Section        0  libinit2.o(.ARM.Collect$$libinit$$0000000C)
    .ARM.Collect$$libinit$$0000000E          0x08000236   Section        0  libinit2.o(.ARM.Collect$$libinit$$0000000E)
    .ARM.Collect$$libinit$$0000000F          0x08000236   Section        6  libinit2.o(.ARM.Collect$$libinit$$0000000F)
    .ARM.Collect$$libinit$$00000011          0x0800023c   Section        0  libinit2.o(.ARM.Collect$$libinit$$00000011)
    .ARM.Collect$$libinit$$00000012          0x0800023c   Section       12  libinit2.o(.ARM.Collect$$libinit$$00000012)
    .ARM.Collect$$libinit$$00000013          0x08000248   Section        0  libinit2.o(.ARM.Collect$$libinit$$00000013)
    .ARM.Collect$$libinit$$00000015          0x08000248   Section        0  libinit2.o(.ARM.Collect$$libinit$$00000015)
    .ARM.Collect$$libinit$$00000016          0x08000248   Section       10  libinit2.o(.ARM.Collect$$libinit$$00000016)
    .ARM.Collect$$libinit$$00000017          0x08000252   Section        0  libinit2.o(.ARM.Collect$$libinit$$00000017)
    .ARM.Collect$$libinit$$00000019          0x08000252   Section        0  libinit2.o(.ARM.Collect$$libinit$$00000019)
    .ARM.Collect$$libinit$$0000001B          0x08000252   Section        0  libinit2.o(.ARM.Collect$$libinit$$0000001B)
    .ARM.Collect$$libinit$$0000001D          0x08000252   Section        0  libinit2.o(.ARM.Collect$$libinit$$0000001D)
    .ARM.Collect$$libinit$$0000001F          0x08000252   Section        0  libinit2.o(.ARM.Collect$$libinit$$0000001F)
    .ARM.Collect$$libinit$$00000021          0x08000252   Section        0  libinit2.o(.ARM.Collect$$libinit$$00000021)
    .ARM.Collect$$libinit$$00000023          0x08000252   Section        0  libinit2.o(.ARM.Collect$$libinit$$00000023)
    .ARM.Collect$$libinit$$00000025          0x08000252   Section        0  libinit2.o(.ARM.Collect$$libinit$$00000025)
    .ARM.Collect$$libinit$$0000002C          0x08000252   Section        0  libinit2.o(.ARM.Collect$$libinit$$0000002C)
    .ARM.Collect$$libinit$$0000002E          0x08000252   Section        0  libinit2.o(.ARM.Collect$$libinit$$0000002E)
    .ARM.Collect$$libinit$$00000030          0x08000252   Section        0  libinit2.o(.ARM.Collect$$libinit$$00000030)
    .ARM.Collect$$libinit$$00000032          0x08000252   Section        0  libinit2.o(.ARM.Collect$$libinit$$00000032)
    .ARM.Collect$$libinit$$00000033          0x08000252   Section        2  libinit2.o(.ARM.Collect$$libinit$$00000033)
    .ARM.Collect$$libshutdown$$00000000      0x08000254   Section        2  libshutdown.o(.ARM.Collect$$libshutdown$$00000000)
    .ARM.Collect$$libshutdown$$00000002      0x08000256   Section        0  libshutdown2.o(.ARM.Collect$$libshutdown$$00000002)
    .ARM.Collect$$libshutdown$$00000004      0x08000256   Section        0  libshutdown2.o(.ARM.Collect$$libshutdown$$00000004)
    .ARM.Collect$$libshutdown$$00000007      0x08000256   Section        0  libshutdown2.o(.ARM.Collect$$libshutdown$$00000007)
    .ARM.Collect$$libshutdown$$0000000A      0x08000256   Section        0  libshutdown2.o(.ARM.Collect$$libshutdown$$0000000A)
    .ARM.Collect$$libshutdown$$0000000C      0x08000256   Section        0  libshutdown2.o(.ARM.Collect$$libshutdown$$0000000C)
    .ARM.Collect$$libshutdown$$0000000F      0x08000256   Section        0  libshutdown2.o(.ARM.Collect$$libshutdown$$0000000F)
    .ARM.Collect$$libshutdown$$00000010      0x08000256   Section        2  libshutdown2.o(.ARM.Collect$$libshutdown$$00000010)
    .ARM.Collect$$rtentry$$00000000          0x08000258   Section        0  __rtentry.o(.ARM.Collect$$rtentry$$00000000)
    .ARM.Collect$$rtentry$$00000002          0x08000258   Section        0  __rtentry2.o(.ARM.Collect$$rtentry$$00000002)
    .ARM.Collect$$rtentry$$00000004          0x08000258   Section        6  __rtentry4.o(.ARM.Collect$$rtentry$$00000004)
    .ARM.Collect$$rtentry$$00000009          0x0800025e   Section        0  __rtentry2.o(.ARM.Collect$$rtentry$$00000009)
    .ARM.Collect$$rtentry$$0000000A          0x0800025e   Section        4  __rtentry2.o(.ARM.Collect$$rtentry$$0000000A)
    .ARM.Collect$$rtentry$$0000000C          0x08000262   Section        0  __rtentry2.o(.ARM.Collect$$rtentry$$0000000C)
    .ARM.Collect$$rtentry$$0000000D          0x08000262   Section        8  __rtentry2.o(.ARM.Collect$$rtentry$$0000000D)
    .ARM.Collect$$rtexit$$00000000           0x0800026a   Section        2  rtexit.o(.ARM.Collect$$rtexit$$00000000)
    .ARM.Collect$$rtexit$$00000002           0x0800026c   Section        0  rtexit2.o(.ARM.Collect$$rtexit$$00000002)
    .ARM.Collect$$rtexit$$00000003           0x0800026c   Section        4  rtexit2.o(.ARM.Collect$$rtexit$$00000003)
    .ARM.Collect$$rtexit$$00000004           0x08000270   Section        6  rtexit2.o(.ARM.Collect$$rtexit$$00000004)
    .text                                    0x08000278   Section       64  startup_stm32f10x_hd.o(.text)
    .text                                    0x080002b8   Section        2  use_no_semi_2.o(.text)
    .text                                    0x080002bc   Section        0  vsprintf.o(.text)
    .text                                    0x080002e0   Section        0  __2printf.o(.text)
    .text                                    0x080002f8   Section        0  __2sprintf.o(.text)
    .text                                    0x08000324   Section        0  _printf_str.o(.text)
    .text                                    0x08000378   Section        0  _printf_dec.o(.text)
    .text                                    0x080003f0   Section        0  __printf_flags_ss_wp.o(.text)
    .text                                    0x08000578   Section        0  strstr.o(.text)
    .text                                    0x0800059c   Section        0  memcmp.o(.text)
    .text                                    0x080005f4   Section        0  strcpy.o(.text)
    .text                                    0x0800063c   Section        0  strlen.o(.text)
    .text                                    0x0800067a   Section        0  heapauxi.o(.text)
    .text                                    0x08000680   Section        2  use_no_semi.o(.text)
    .text                                    0x08000682   Section        0  _printf_pad.o(.text)
    .text                                    0x080006d0   Section        0  _printf_truncate.o(.text)
    .text                                    0x080006f4   Section        0  _printf_intcommon.o(.text)
    .text                                    0x080007a6   Section        0  _printf_charcount.o(.text)
    .text                                    0x080007d0   Section        0  _printf_char_common.o(.text)
    _printf_input_char                       0x080007d1   Thumb Code    10  _printf_char_common.o(.text)
    .text                                    0x08000800   Section        0  _sputc.o(.text)
    .text                                    0x0800080a   Section        0  _printf_char.o(.text)
    .text                                    0x08000838   Section        0  _printf_char_file.o(.text)
    .text                                    0x0800085c   Section        0  _printf_wctomb.o(.text)
    .text                                    0x08000918   Section        0  _printf_longlong_dec.o(.text)
    .text                                    0x08000994   Section        0  _printf_oct_int_ll.o(.text)
    _printf_longlong_oct_internal            0x08000995   Thumb Code     0  _printf_oct_int_ll.o(.text)
    .text                                    0x08000a04   Section        0  _printf_hex_int_ll_ptr.o(.text)
    _printf_hex_common                       0x08000a05   Thumb Code     0  _printf_hex_int_ll_ptr.o(.text)
    .text                                    0x08000a98   Section      138  lludiv10.o(.text)
    .text                                    0x08000b22   Section        0  _printf_fp_dec.o(.text)
    _fp_digits                               0x08000b25   Thumb Code   432  _printf_fp_dec.o(.text)
    .text                                    0x08000f40   Section        0  _printf_fp_hex.o(.text)
    .text                                    0x0800123c   Section        0  _printf_wchar.o(.text)
    .text                                    0x08001268   Section        0  ferror.o(.text)
    .text                                    0x08001270   Section        0  _wcrtomb.o(.text)
    .text                                    0x080012b0   Section       74  sys_stackheap_outer.o(.text)
    .text                                    0x080012fc   Section       16  rt_ctype_table.o(.text)
    .text                                    0x0800130c   Section        8  rt_locale_intlibspace.o(.text)
    .text                                    0x08001314   Section        0  _printf_fp_infnan.o(.text)
    .text                                    0x08001394   Section        0  bigflt0.o(.text)
    .text                                    0x08001478   Section        0  exit.o(.text)
    .text                                    0x0800148c   Section        8  libspace.o(.text)
    .text                                    0x08001494   Section      128  strcmpv7m.o(.text)
    CL$$btod_d2e                             0x08001514   Section       62  btod.o(CL$$btod_d2e)
    CL$$btod_d2e_denorm_low                  0x08001552   Section       70  btod.o(CL$$btod_d2e_denorm_low)
    CL$$btod_d2e_norm_op1                    0x08001598   Section       96  btod.o(CL$$btod_d2e_norm_op1)
    CL$$btod_div_common                      0x080015f8   Section      824  btod.o(CL$$btod_div_common)
    CL$$btod_e2e                             0x08001930   Section      220  btod.o(CL$$btod_e2e)
    CL$$btod_ediv                            0x08001a0c   Section       42  btod.o(CL$$btod_ediv)
    CL$$btod_emul                            0x08001a36   Section       42  btod.o(CL$$btod_emul)
    CL$$btod_mult_common                     0x08001a60   Section      580  btod.o(CL$$btod_mult_common)
    i.BusFault_Handler                       0x08001ca4   Section        0  stm32f10x_it.o(i.BusFault_Handler)
    i.DHT11_Check                            0x08001ca8   Section        0  dht11.o(i.DHT11_Check)
    i.DHT11_Init                             0x08001d14   Section        0  dht11.o(i.DHT11_Init)
    i.DHT11_Read_Bit                         0x08001d48   Section        0  dht11.o(i.DHT11_Read_Bit)
    i.DHT11_Read_Byte                        0x08001da0   Section        0  dht11.o(i.DHT11_Read_Byte)
    i.DHT11_Read_Data                        0x08001dbe   Section        0  dht11.o(i.DHT11_Read_Data)
    i.DHT11_Rst                              0x08001e1c   Section        0  dht11.o(i.DHT11_Rst)
    i.DebugMon_Handler                       0x08001e5c   Section        0  stm32f10x_it.o(i.DebugMon_Handler)
    i.GPIO_Init                              0x08001e5e   Section        0  stm32f10x_gpio.o(i.GPIO_Init)
    i.GPIO_ReadInputDataBit                  0x08001f74   Section        0  stm32f10x_gpio.o(i.GPIO_ReadInputDataBit)
    i.GPIO_ResetBits                         0x08001f86   Section        0  stm32f10x_gpio.o(i.GPIO_ResetBits)
    i.GPIO_SetBits                           0x08001f8a   Section        0  stm32f10x_gpio.o(i.GPIO_SetBits)
    i.GPIO_WriteBit                          0x08001f8e   Section        0  stm32f10x_gpio.o(i.GPIO_WriteBit)
    i.HardFault_Handler                      0x08001f98   Section        0  stm32f10x_it.o(i.HardFault_Handler)
    i.LED_Init                               0x08001f9c   Section        0  led.o(i.LED_Init)
    i.MemManage_Handler                      0x08001fec   Section        0  stm32f10x_it.o(i.MemManage_Handler)
    i.NMI_Handler                            0x08001ff0   Section        0  stm32f10x_it.o(i.NMI_Handler)
    i.NVIC_Init                              0x08001ff4   Section        0  misc.o(i.NVIC_Init)
    i.PendSV_Handler                         0x08002064   Section        0  stm32f10x_it.o(i.PendSV_Handler)
    i.RCC_APB1PeriphClockCmd                 0x08002068   Section        0  stm32f10x_rcc.o(i.RCC_APB1PeriphClockCmd)
    i.RCC_APB1PeriphResetCmd                 0x08002088   Section        0  stm32f10x_rcc.o(i.RCC_APB1PeriphResetCmd)
    i.RCC_APB2PeriphClockCmd                 0x080020a8   Section        0  stm32f10x_rcc.o(i.RCC_APB2PeriphClockCmd)
    i.RCC_APB2PeriphResetCmd                 0x080020c8   Section        0  stm32f10x_rcc.o(i.RCC_APB2PeriphResetCmd)
    i.RCC_GetClocksFreq                      0x080020e8   Section        0  stm32f10x_rcc.o(i.RCC_GetClocksFreq)
    i.SVC_Handler                            0x080021bc   Section        0  stm32f10x_it.o(i.SVC_Handler)
    i.SetSysClock                            0x080021be   Section        0  system_stm32f10x.o(i.SetSysClock)
    SetSysClock                              0x080021bf   Thumb Code     8  system_stm32f10x.o(i.SetSysClock)
    i.SetSysClockTo72                        0x080021c8   Section        0  system_stm32f10x.o(i.SetSysClockTo72)
    SetSysClockTo72                          0x080021c9   Thumb Code   214  system_stm32f10x.o(i.SetSysClockTo72)
    i.SysTick_CLKSourceConfig                0x080022a8   Section        0  misc.o(i.SysTick_CLKSourceConfig)
    i.SysTick_Handler                        0x080022d0   Section        0  stm32f10x_it.o(i.SysTick_Handler)
    i.SystemInit                             0x080022d4   Section        0  system_stm32f10x.o(i.SystemInit)
    i.TIM3_IRQHandler                        0x08002334   Section        0  timer.o(i.TIM3_IRQHandler)
    i.TIM3_Int_Init                          0x0800240c   Section        0  timer.o(i.TIM3_Int_Init)
    i.TIM4_IRQHandler                        0x0800246c   Section        0  usart2.o(i.TIM4_IRQHandler)
    i.TIM4_Init                              0x0800249c   Section        0  usart2.o(i.TIM4_Init)
    i.TIM4_Set                               0x080024f4   Section        0  usart2.o(i.TIM4_Set)
    i.TIM_ClearITPendingBit                  0x0800251c   Section        0  stm32f10x_tim.o(i.TIM_ClearITPendingBit)
    i.TIM_Cmd                                0x08002522   Section        0  stm32f10x_tim.o(i.TIM_Cmd)
    i.TIM_GetITStatus                        0x0800253a   Section        0  stm32f10x_tim.o(i.TIM_GetITStatus)
    i.TIM_ITConfig                           0x0800255c   Section        0  stm32f10x_tim.o(i.TIM_ITConfig)
    i.TIM_SetCounter                         0x0800256e   Section        0  stm32f10x_tim.o(i.TIM_SetCounter)
    i.TIM_TimeBaseInit                       0x08002574   Section        0  stm32f10x_tim.o(i.TIM_TimeBaseInit)
    i.USART1_IRQHandler                      0x08002618   Section        0  usart.o(i.USART1_IRQHandler)
    i.USART2_IRQHandler                      0x080026a0   Section        0  usart2.o(i.USART2_IRQHandler)
    i.USART2_Init                            0x08002704   Section        0  usart2.o(i.USART2_Init)
    i.USART_Cmd                              0x080027c4   Section        0  stm32f10x_usart.o(i.USART_Cmd)
    i.USART_DeInit                           0x080027dc   Section        0  stm32f10x_usart.o(i.USART_DeInit)
    i.USART_GetITStatus                      0x08002878   Section        0  stm32f10x_usart.o(i.USART_GetITStatus)
    i.USART_ITConfig                         0x080028cc   Section        0  stm32f10x_usart.o(i.USART_ITConfig)
    i.USART_Init                             0x08002918   Section        0  stm32f10x_usart.o(i.USART_Init)
    i.USART_ReceiveData                      0x080029f0   Section        0  stm32f10x_usart.o(i.USART_ReceiveData)
    i.UsageFault_Handler                     0x080029fa   Section        0  stm32f10x_it.o(i.UsageFault_Handler)
    i.__ARM_fpclassify                       0x080029fe   Section        0  fpclassify.o(i.__ARM_fpclassify)
    i._is_digit                              0x08002a26   Section        0  __printf_wp.o(i._is_digit)
    i._sys_exit                              0x08002a34   Section        0  usart.o(i._sys_exit)
    i.delay_init                             0x08002a38   Section        0  delay.o(i.delay_init)
    i.delay_ms                               0x08002a7c   Section        0  delay.o(i.delay_ms)
    i.delay_us                               0x08002ac8   Section        0  delay.o(i.delay_us)
    i.fputc                                  0x08002b14   Section        0  usart.o(i.fputc)
    i.init_wifi                              0x08002b30   Section        0  wifi.o(i.init_wifi)
    i.main                                   0x08002cdc   Section        0  main.o(i.main)
    i.rst_wifi                               0x08002d9c   Section        0  wifi.o(i.rst_wifi)
    i.u2_printf                              0x08002dbc   Section        0  usart2.o(i.u2_printf)
    i.uart_init                              0x08002e18   Section        0  usart.o(i.uart_init)
    i.wifi_GPIO_Init                         0x08002eb8   Section        0  wifi.o(i.wifi_GPIO_Init)
    i.wifi_check_cmd                         0x08002eec   Section        0  wifi.o(i.wifi_check_cmd)
    i.wifi_send_cmd                          0x08002f20   Section        0  wifi.o(i.wifi_send_cmd)
    locale$$code                             0x08002f80   Section       44  lc_numeric_c.o(locale$$code)
    locale$$code                             0x08002fac   Section       44  lc_ctype_c.o(locale$$code)
    x$fpl$printf1                            0x08002fd8   Section        4  printf1.o(x$fpl$printf1)
    x$fpl$printf2                            0x08002fdc   Section        4  printf2.o(x$fpl$printf2)
    .constdata                               0x08002fe0   Section       17  __printf_flags_ss_wp.o(.constdata)
    x$fpl$usenofp                            0x08002fe0   Section        0  usenofp.o(x$fpl$usenofp)
    maptable                                 0x08002fe0   Data          17  __printf_flags_ss_wp.o(.constdata)
    .constdata                               0x08002ff4   Section        8  _printf_wctomb.o(.constdata)
    initial_mbstate                          0x08002ff4   Data           8  _printf_wctomb.o(.constdata)
    .constdata                               0x08002ffc   Section       40  _printf_hex_int_ll_ptr.o(.constdata)
    uc_hextab                                0x08002ffc   Data          20  _printf_hex_int_ll_ptr.o(.constdata)
    lc_hextab                                0x08003010   Data          20  _printf_hex_int_ll_ptr.o(.constdata)
    .constdata                               0x08003024   Section       38  _printf_fp_hex.o(.constdata)
    lc_hextab                                0x08003024   Data          19  _printf_fp_hex.o(.constdata)
    uc_hextab                                0x08003037   Data          19  _printf_fp_hex.o(.constdata)
    .constdata                               0x0800304c   Section      148  bigflt0.o(.constdata)
    tenpwrs_x                                0x0800304c   Data          60  bigflt0.o(.constdata)
    tenpwrs_i                                0x08003088   Data          64  bigflt0.o(.constdata)
    .conststring                             0x080030e0   Section       69  main.o(.conststring)
    locale$$data                             0x08003148   Section       28  lc_numeric_c.o(locale$$data)
    __lcnum_c_name                           0x0800314c   Data           2  lc_numeric_c.o(locale$$data)
    __lcnum_c_start                          0x08003154   Data           0  lc_numeric_c.o(locale$$data)
    __lcnum_c_point                          0x08003160   Data           0  lc_numeric_c.o(locale$$data)
    __lcnum_c_thousands                      0x08003162   Data           0  lc_numeric_c.o(locale$$data)
    __lcnum_c_grouping                       0x08003163   Data           0  lc_numeric_c.o(locale$$data)
    locale$$data                             0x08003164   Section      272  lc_ctype_c.o(locale$$data)
    __lcnum_c_end                            0x08003164   Data           0  lc_numeric_c.o(locale$$data)
    __lcctype_c_name                         0x08003168   Data           2  lc_ctype_c.o(locale$$data)
    __lcctype_c_start                        0x08003170   Data           0  lc_ctype_c.o(locale$$data)
    __lcctype_c_end                          0x08003274   Data           0  lc_ctype_c.o(locale$$data)
    .data                                    0x20000000   Section        8  main.o(.data)
    .data                                    0x20000008   Section       20  system_stm32f10x.o(.data)
    .data                                    0x2000001c   Section        4  delay.o(.data)
    fac_us                                   0x2000001c   Data           1  delay.o(.data)
    fac_ms                                   0x2000001e   Data           2  delay.o(.data)
    .data                                    0x20000020   Section        6  usart.o(.data)
    .data                                    0x20000026   Section        2  usart2.o(.data)
    .data                                    0x20000028   Section        2  timer.o(.data)
    .data                                    0x2000002a   Section       20  stm32f10x_rcc.o(.data)
    APBAHBPrescTable                         0x2000002a   Data          16  stm32f10x_rcc.o(.data)
    ADCPrescTable                            0x2000003a   Data           4  stm32f10x_rcc.o(.data)
    .bss                                     0x20000040   Section      100  main.o(.bss)
    .bss                                     0x200000a4   Section      200  usart.o(.bss)
    .bss                                     0x20000170   Section     2048  usart2.o(.bss)
    .bss                                     0x20000970   Section       50  timer.o(.bss)
    .bss                                     0x200009a4   Section       96  libspace.o(.bss)
    HEAP                                     0x20000a08   Section      512  startup_stm32f10x_hd.o(HEAP)
    Heap_Mem                                 0x20000a08   Data         512  startup_stm32f10x_hd.o(HEAP)
    STACK                                    0x20000c08   Section     1024  startup_stm32f10x_hd.o(STACK)
    Stack_Mem                                0x20000c08   Data        1024  startup_stm32f10x_hd.o(STACK)
    __initial_sp                             0x20001008   Data           0  startup_stm32f10x_hd.o(STACK)

    Global Symbols

    Symbol Name                              Value     Ov Type        Size  Object(Section)

    BuildAttributes$$THM_ISAv4$P$D$K$B$S$PE$A:L22UL41UL21$X:L11$S22US41US21$IEEE1$IW$USESV6$~STKCKD$USESV7$~SHL$OTIME$ROPI$IEEEJ$EBA8$UX$STANDARDLIB$REQ8$PRES8$EABIv2 0x00000000   Number         0  anon$$obj.o ABSOLUTE
    __ARM_use_no_argv                        0x00000000   Number         0  main.o ABSOLUTE
    _printf_flags                            0x00000000   Number         0  printf_stubs.o ABSOLUTE
    _printf_return_value                     0x00000000   Number         0  printf_stubs.o ABSOLUTE
    _printf_sizespec                         0x00000000   Number         0  printf_stubs.o ABSOLUTE
    _printf_widthprec                        0x00000000   Number         0  printf_stubs.o ABSOLUTE
    __ARM_exceptions_init                     - Undefined Weak Reference
    __alloca_initialize                       - Undefined Weak Reference
    __arm_preinit_                            - Undefined Weak Reference
    __cpp_initialize__aeabi_                  - Undefined Weak Reference
    __cxa_finalize                            - Undefined Weak Reference
    __sigvec_lookup                           - Undefined Weak Reference
    _atexit_init                              - Undefined Weak Reference
    _call_atexit_fns                          - Undefined Weak Reference
    _clock_init                               - Undefined Weak Reference
    _fp_trap_init                             - Undefined Weak Reference
    _fp_trap_shutdown                         - Undefined Weak Reference
    _get_lc_collate                           - Undefined Weak Reference
    _get_lc_monetary                          - Undefined Weak Reference
    _get_lc_time                              - Undefined Weak Reference
    _getenv_init                              - Undefined Weak Reference
    _handle_redirection                       - Undefined Weak Reference
    _init_alloc                               - Undefined Weak Reference
    _init_user_alloc                          - Undefined Weak Reference
    _initio                                   - Undefined Weak Reference
    _mutex_acquire                            - Undefined Weak Reference
    _mutex_release                            - Undefined Weak Reference
    _printf_mbtowc                            - Undefined Weak Reference
    _printf_wc                                - Undefined Weak Reference
    _rand_init                                - Undefined Weak Reference
    _signal_finish                            - Undefined Weak Reference
    _signal_init                              - Undefined Weak Reference
    _terminate_alloc                          - Undefined Weak Reference
    _terminate_user_alloc                     - Undefined Weak Reference
    _terminateio                              - Undefined Weak Reference
    __Vectors_Size                           0x00000130   Number         0  startup_stm32f10x_hd.o ABSOLUTE
    __Vectors                                0x08000000   Data           4  startup_stm32f10x_hd.o(RESET)
    __Vectors_End                            0x08000130   Data           0  startup_stm32f10x_hd.o(RESET)
    __main                                   0x08000131   Thumb Code     8  __main.o(!!!main)
    __scatterload                            0x08000139   Thumb Code     0  __scatter.o(!!!scatter)
    __scatterload_rt2                        0x08000139   Thumb Code    44  __scatter.o(!!!scatter)
    __scatterload_rt2_thumb_only             0x08000139   Thumb Code     0  __scatter.o(!!!scatter)
    __scatterload_null                       0x08000147   Thumb Code     0  __scatter.o(!!!scatter)
    __scatterload_copy                       0x0800016d   Thumb Code    26  __scatter_copy.o(!!handler_copy)
    __scatterload_zeroinit                   0x08000189   Thumb Code    28  __scatter_zi.o(!!handler_zi)
    _printf_n                                0x080001a5   Thumb Code     0  _printf_n.o(.ARM.Collect$$_printf_percent$$00000001)
    _printf_percent                          0x080001a5   Thumb Code     0  _printf_percent.o(.ARM.Collect$$_printf_percent$$00000000)
    _printf_p                                0x080001ab   Thumb Code     0  _printf_p.o(.ARM.Collect$$_printf_percent$$00000002)
    _printf_f                                0x080001b1   Thumb Code     0  _printf_f.o(.ARM.Collect$$_printf_percent$$00000003)
    _printf_e                                0x080001b7   Thumb Code     0  _printf_e.o(.ARM.Collect$$_printf_percent$$00000004)
    _printf_g                                0x080001bd   Thumb Code     0  _printf_g.o(.ARM.Collect$$_printf_percent$$00000005)
    _printf_a                                0x080001c3   Thumb Code     0  _printf_a.o(.ARM.Collect$$_printf_percent$$00000006)
    _printf_ll                               0x080001c9   Thumb Code     0  _printf_ll.o(.ARM.Collect$$_printf_percent$$00000007)
    _printf_i                                0x080001d3   Thumb Code     0  _printf_i.o(.ARM.Collect$$_printf_percent$$00000008)
    _printf_d                                0x080001d9   Thumb Code     0  _printf_d.o(.ARM.Collect$$_printf_percent$$00000009)
    _printf_u                                0x080001df   Thumb Code     0  _printf_u.o(.ARM.Collect$$_printf_percent$$0000000A)
    _printf_o                                0x080001e5   Thumb Code     0  _printf_o.o(.ARM.Collect$$_printf_percent$$0000000B)
    _printf_x                                0x080001eb   Thumb Code     0  _printf_x.o(.ARM.Collect$$_printf_percent$$0000000C)
    _printf_lli                              0x080001f1   Thumb Code     0  _printf_lli.o(.ARM.Collect$$_printf_percent$$0000000D)
    _printf_lld                              0x080001f7   Thumb Code     0  _printf_lld.o(.ARM.Collect$$_printf_percent$$0000000E)
    _printf_llu                              0x080001fd   Thumb Code     0  _printf_llu.o(.ARM.Collect$$_printf_percent$$0000000F)
    _printf_llo                              0x08000203   Thumb Code     0  _printf_llo.o(.ARM.Collect$$_printf_percent$$00000010)
    _printf_llx                              0x08000209   Thumb Code     0  _printf_llx.o(.ARM.Collect$$_printf_percent$$00000011)
    _printf_l                                0x0800020f   Thumb Code     0  _printf_l.o(.ARM.Collect$$_printf_percent$$00000012)
    _printf_c                                0x08000219   Thumb Code     0  _printf_c.o(.ARM.Collect$$_printf_percent$$00000013)
    _printf_s                                0x0800021f   Thumb Code     0  _printf_s.o(.ARM.Collect$$_printf_percent$$00000014)
    _printf_lc                               0x08000225   Thumb Code     0  _printf_lc.o(.ARM.Collect$$_printf_percent$$00000015)
    _printf_ls                               0x0800022b   Thumb Code     0  _printf_ls.o(.ARM.Collect$$_printf_percent$$00000016)
    _printf_percent_end                      0x08000231   Thumb Code     0  _printf_percent_end.o(.ARM.Collect$$_printf_percent$$00000017)
    __rt_lib_init                            0x08000235   Thumb Code     0  libinit.o(.ARM.Collect$$libinit$$00000000)
    __rt_lib_init_fp_1                       0x08000237   Thumb Code     0  libinit2.o(.ARM.Collect$$libinit$$00000002)
    __rt_lib_init_heap_1                     0x08000237   Thumb Code     0  libinit2.o(.ARM.Collect$$libinit$$0000000A)
    __rt_lib_init_lc_common                  0x08000237   Thumb Code     0  libinit2.o(.ARM.Collect$$libinit$$0000000F)
    __rt_lib_init_preinit_1                  0x08000237   Thumb Code     0  libinit2.o(.ARM.Collect$$libinit$$00000004)
    __rt_lib_init_rand_1                     0x08000237   Thumb Code     0  libinit2.o(.ARM.Collect$$libinit$$0000000E)
    __rt_lib_init_user_alloc_1               0x08000237   Thumb Code     0  libinit2.o(.ARM.Collect$$libinit$$0000000C)
    __rt_lib_init_lc_collate_1               0x0800023d   Thumb Code     0  libinit2.o(.ARM.Collect$$libinit$$00000011)
    __rt_lib_init_lc_ctype_2                 0x0800023d   Thumb Code     0  libinit2.o(.ARM.Collect$$libinit$$00000012)
    __rt_lib_init_lc_ctype_1                 0x08000249   Thumb Code     0  libinit2.o(.ARM.Collect$$libinit$$00000013)
    __rt_lib_init_lc_monetary_1              0x08000249   Thumb Code     0  libinit2.o(.ARM.Collect$$libinit$$00000015)
    __rt_lib_init_lc_numeric_2               0x08000249   Thumb Code     0  libinit2.o(.ARM.Collect$$libinit$$00000016)
    __rt_lib_init_alloca_1                   0x08000253   Thumb Code     0  libinit2.o(.ARM.Collect$$libinit$$0000002E)
    __rt_lib_init_argv_1                     0x08000253   Thumb Code     0  libinit2.o(.ARM.Collect$$libinit$$0000002C)
    __rt_lib_init_atexit_1                   0x08000253   Thumb Code     0  libinit2.o(.ARM.Collect$$libinit$$0000001B)
    __rt_lib_init_clock_1                    0x08000253   Thumb Code     0  libinit2.o(.ARM.Collect$$libinit$$00000021)
    __rt_lib_init_cpp_1                      0x08000253   Thumb Code     0  libinit2.o(.ARM.Collect$$libinit$$00000032)
    __rt_lib_init_exceptions_1               0x08000253   Thumb Code     0  libinit2.o(.ARM.Collect$$libinit$$00000030)
    __rt_lib_init_fp_trap_1                  0x08000253   Thumb Code     0  libinit2.o(.ARM.Collect$$libinit$$0000001F)
    __rt_lib_init_getenv_1                   0x08000253   Thumb Code     0  libinit2.o(.ARM.Collect$$libinit$$00000023)
    __rt_lib_init_lc_numeric_1               0x08000253   Thumb Code     0  libinit2.o(.ARM.Collect$$libinit$$00000017)
    __rt_lib_init_lc_time_1                  0x08000253   Thumb Code     0  libinit2.o(.ARM.Collect$$libinit$$00000019)
    __rt_lib_init_return                     0x08000253   Thumb Code     0  libinit2.o(.ARM.Collect$$libinit$$00000033)
    __rt_lib_init_signal_1                   0x08000253   Thumb Code     0  libinit2.o(.ARM.Collect$$libinit$$0000001D)
    __rt_lib_init_stdio_1                    0x08000253   Thumb Code     0  libinit2.o(.ARM.Collect$$libinit$$00000025)
    __rt_lib_shutdown                        0x08000255   Thumb Code     0  libshutdown.o(.ARM.Collect$$libshutdown$$00000000)
    __rt_lib_shutdown_cpp_1                  0x08000257   Thumb Code     0  libshutdown2.o(.ARM.Collect$$libshutdown$$00000002)
    __rt_lib_shutdown_fp_trap_1              0x08000257   Thumb Code     0  libshutdown2.o(.ARM.Collect$$libshutdown$$00000007)
    __rt_lib_shutdown_heap_1                 0x08000257   Thumb Code     0  libshutdown2.o(.ARM.Collect$$libshutdown$$0000000F)
    __rt_lib_shutdown_return                 0x08000257   Thumb Code     0  libshutdown2.o(.ARM.Collect$$libshutdown$$00000010)
    __rt_lib_shutdown_signal_1               0x08000257   Thumb Code     0  libshutdown2.o(.ARM.Collect$$libshutdown$$0000000A)
    __rt_lib_shutdown_stdio_1                0x08000257   Thumb Code     0  libshutdown2.o(.ARM.Collect$$libshutdown$$00000004)
    __rt_lib_shutdown_user_alloc_1           0x08000257   Thumb Code     0  libshutdown2.o(.ARM.Collect$$libshutdown$$0000000C)
    __rt_entry                               0x08000259   Thumb Code     0  __rtentry.o(.ARM.Collect$$rtentry$$00000000)
    __rt_entry_presh_1                       0x08000259   Thumb Code     0  __rtentry2.o(.ARM.Collect$$rtentry$$00000002)
    __rt_entry_sh                            0x08000259   Thumb Code     0  __rtentry4.o(.ARM.Collect$$rtentry$$00000004)
    __rt_entry_li                            0x0800025f   Thumb Code     0  __rtentry2.o(.ARM.Collect$$rtentry$$0000000A)
    __rt_entry_postsh_1                      0x0800025f   Thumb Code     0  __rtentry2.o(.ARM.Collect$$rtentry$$00000009)
    __rt_entry_main                          0x08000263   Thumb Code     0  __rtentry2.o(.ARM.Collect$$rtentry$$0000000D)
    __rt_entry_postli_1                      0x08000263   Thumb Code     0  __rtentry2.o(.ARM.Collect$$rtentry$$0000000C)
    __rt_exit                                0x0800026b   Thumb Code     0  rtexit.o(.ARM.Collect$$rtexit$$00000000)
    __rt_exit_ls                             0x0800026d   Thumb Code     0  rtexit2.o(.ARM.Collect$$rtexit$$00000003)
    __rt_exit_prels_1                        0x0800026d   Thumb Code     0  rtexit2.o(.ARM.Collect$$rtexit$$00000002)
    __rt_exit_exit                           0x08000271   Thumb Code     0  rtexit2.o(.ARM.Collect$$rtexit$$00000004)
    Reset_Handler                            0x08000279   Thumb Code     8  startup_stm32f10x_hd.o(.text)
    ADC1_2_IRQHandler                        0x08000293   Thumb Code     0  startup_stm32f10x_hd.o(.text)
    ADC3_IRQHandler                          0x08000293   Thumb Code     0  startup_stm32f10x_hd.o(.text)
    CAN1_RX1_IRQHandler                      0x08000293   Thumb Code     0  startup_stm32f10x_hd.o(.text)
    CAN1_SCE_IRQHandler                      0x08000293   Thumb Code     0  startup_stm32f10x_hd.o(.text)
    DMA1_Channel1_IRQHandler                 0x08000293   Thumb Code     0  startup_stm32f10x_hd.o(.text)
    DMA1_Channel2_IRQHandler                 0x08000293   Thumb Code     0  startup_stm32f10x_hd.o(.text)
    DMA1_Channel3_IRQHandler                 0x08000293   Thumb Code     0  startup_stm32f10x_hd.o(.text)
    DMA1_Channel4_IRQHandler                 0x08000293   Thumb Code     0  startup_stm32f10x_hd.o(.text)
    DMA1_Channel5_IRQHandler                 0x08000293   Thumb Code     0  startup_stm32f10x_hd.o(.text)
    DMA1_Channel6_IRQHandler                 0x08000293   Thumb Code     0  startup_stm32f10x_hd.o(.text)
    DMA1_Channel7_IRQHandler                 0x08000293   Thumb Code     0  startup_stm32f10x_hd.o(.text)
    DMA2_Channel1_IRQHandler                 0x08000293   Thumb Code     0  startup_stm32f10x_hd.o(.text)
    DMA2_Channel2_IRQHandler                 0x08000293   Thumb Code     0  startup_stm32f10x_hd.o(.text)
    DMA2_Channel3_IRQHandler                 0x08000293   Thumb Code     0  startup_stm32f10x_hd.o(.text)
    DMA2_Channel4_5_IRQHandler               0x08000293   Thumb Code     0  startup_stm32f10x_hd.o(.text)
    EXTI0_IRQHandler                         0x08000293   Thumb Code     0  startup_stm32f10x_hd.o(.text)
    EXTI15_10_IRQHandler                     0x08000293   Thumb Code     0  startup_stm32f10x_hd.o(.text)
    EXTI1_IRQHandler                         0x08000293   Thumb Code     0  startup_stm32f10x_hd.o(.text)
    EXTI2_IRQHandler                         0x08000293   Thumb Code     0  startup_stm32f10x_hd.o(.text)
    EXTI3_IRQHandler                         0x08000293   Thumb Code     0  startup_stm32f10x_hd.o(.text)
    EXTI4_IRQHandler                         0x08000293   Thumb Code     0  startup_stm32f10x_hd.o(.text)
    EXTI9_5_IRQHandler                       0x08000293   Thumb Code     0  startup_stm32f10x_hd.o(.text)
    FLASH_IRQHandler                         0x08000293   Thumb Code     0  startup_stm32f10x_hd.o(.text)
    FSMC_IRQHandler                          0x08000293   Thumb Code     0  startup_stm32f10x_hd.o(.text)
    I2C1_ER_IRQHandler                       0x08000293   Thumb Code     0  startup_stm32f10x_hd.o(.text)
    I2C1_EV_IRQHandler                       0x08000293   Thumb Code     0  startup_stm32f10x_hd.o(.text)
    I2C2_ER_IRQHandler                       0x08000293   Thumb Code     0  startup_stm32f10x_hd.o(.text)
    I2C2_EV_IRQHandler                       0x08000293   Thumb Code     0  startup_stm32f10x_hd.o(.text)
    PVD_IRQHandler                           0x08000293   Thumb Code     0  startup_stm32f10x_hd.o(.text)
    RCC_IRQHandler                           0x08000293   Thumb Code     0  startup_stm32f10x_hd.o(.text)
    RTCAlarm_IRQHandler                      0x08000293   Thumb Code     0  startup_stm32f10x_hd.o(.text)
    RTC_IRQHandler                           0x08000293   Thumb Code     0  startup_stm32f10x_hd.o(.text)
    SDIO_IRQHandler                          0x08000293   Thumb Code     0  startup_stm32f10x_hd.o(.text)
    SPI1_IRQHandler                          0x08000293   Thumb Code     0  startup_stm32f10x_hd.o(.text)
    SPI2_IRQHandler                          0x08000293   Thumb Code     0  startup_stm32f10x_hd.o(.text)
    SPI3_IRQHandler                          0x08000293   Thumb Code     0  startup_stm32f10x_hd.o(.text)
    TAMPER_IRQHandler                        0x08000293   Thumb Code     0  startup_stm32f10x_hd.o(.text)
    TIM1_BRK_IRQHandler                      0x08000293   Thumb Code     0  startup_stm32f10x_hd.o(.text)
    TIM1_CC_IRQHandler                       0x08000293   Thumb Code     0  startup_stm32f10x_hd.o(.text)
    TIM1_TRG_COM_IRQHandler                  0x08000293   Thumb Code     0  startup_stm32f10x_hd.o(.text)
    TIM1_UP_IRQHandler                       0x08000293   Thumb Code     0  startup_stm32f10x_hd.o(.text)
    TIM2_IRQHandler                          0x08000293   Thumb Code     0  startup_stm32f10x_hd.o(.text)
    TIM5_IRQHandler                          0x08000293   Thumb Code     0  startup_stm32f10x_hd.o(.text)
    TIM6_IRQHandler                          0x08000293   Thumb Code     0  startup_stm32f10x_hd.o(.text)
    TIM7_IRQHandler                          0x08000293   Thumb Code     0  startup_stm32f10x_hd.o(.text)
    TIM8_BRK_IRQHandler                      0x08000293   Thumb Code     0  startup_stm32f10x_hd.o(.text)
    TIM8_CC_IRQHandler                       0x08000293   Thumb Code     0  startup_stm32f10x_hd.o(.text)
    TIM8_TRG_COM_IRQHandler                  0x08000293   Thumb Code     0  startup_stm32f10x_hd.o(.text)
    TIM8_UP_IRQHandler                       0x08000293   Thumb Code     0  startup_stm32f10x_hd.o(.text)
    UART4_IRQHandler                         0x08000293   Thumb Code     0  startup_stm32f10x_hd.o(.text)
    UART5_IRQHandler                         0x08000293   Thumb Code     0  startup_stm32f10x_hd.o(.text)
    USART3_IRQHandler                        0x08000293   Thumb Code     0  startup_stm32f10x_hd.o(.text)
    USBWakeUp_IRQHandler                     0x08000293   Thumb Code     0  startup_stm32f10x_hd.o(.text)
    USB_HP_CAN1_TX_IRQHandler                0x08000293   Thumb Code     0  startup_stm32f10x_hd.o(.text)
    USB_LP_CAN1_RX0_IRQHandler               0x08000293   Thumb Code     0  startup_stm32f10x_hd.o(.text)
    WWDG_IRQHandler                          0x08000293   Thumb Code     0  startup_stm32f10x_hd.o(.text)
    __user_initial_stackheap                 0x08000295   Thumb Code     0  startup_stm32f10x_hd.o(.text)
    __use_no_semihosting                     0x080002b9   Thumb Code     2  use_no_semi_2.o(.text)
    vsprintf                                 0x080002bd   Thumb Code    32  vsprintf.o(.text)
    __2printf                                0x080002e1   Thumb Code    20  __2printf.o(.text)
    __2sprintf                               0x080002f9   Thumb Code    38  __2sprintf.o(.text)
    _printf_str                              0x08000325   Thumb Code    82  _printf_str.o(.text)
    _printf_int_dec                          0x08000379   Thumb Code   104  _printf_dec.o(.text)
    __printf                                 0x080003f1   Thumb Code   388  __printf_flags_ss_wp.o(.text)
    strstr                                   0x08000579   Thumb Code    36  strstr.o(.text)
    memcmp                                   0x0800059d   Thumb Code    88  memcmp.o(.text)
    strcpy                                   0x080005f5   Thumb Code    72  strcpy.o(.text)
    strlen                                   0x0800063d   Thumb Code    62  strlen.o(.text)
    __use_two_region_memory                  0x0800067b   Thumb Code     2  heapauxi.o(.text)
    __rt_heap_escrow$2region                 0x0800067d   Thumb Code     2  heapauxi.o(.text)
    __rt_heap_expand$2region                 0x0800067f   Thumb Code     2  heapauxi.o(.text)
    __I$use$semihosting                      0x08000681   Thumb Code     0  use_no_semi.o(.text)
    __use_no_semihosting_swi                 0x08000681   Thumb Code     2  use_no_semi.o(.text)
    _printf_pre_padding                      0x08000683   Thumb Code    44  _printf_pad.o(.text)
    _printf_post_padding                     0x080006af   Thumb Code    34  _printf_pad.o(.text)
    _printf_truncate_signed                  0x080006d1   Thumb Code    18  _printf_truncate.o(.text)
    _printf_truncate_unsigned                0x080006e3   Thumb Code    18  _printf_truncate.o(.text)
    _printf_int_common                       0x080006f5   Thumb Code   178  _printf_intcommon.o(.text)
    _printf_charcount                        0x080007a7   Thumb Code    40  _printf_charcount.o(.text)
    _printf_char_common                      0x080007db   Thumb Code    32  _printf_char_common.o(.text)
    _sputc                                   0x08000801   Thumb Code    10  _sputc.o(.text)
    _printf_cs_common                        0x0800080b   Thumb Code    20  _printf_char.o(.text)
    _printf_char                             0x0800081f   Thumb Code    16  _printf_char.o(.text)
    _printf_string                           0x0800082f   Thumb Code     8  _printf_char.o(.text)
    _printf_char_file                        0x08000839   Thumb Code    32  _printf_char_file.o(.text)
    _printf_wctomb                           0x0800085d   Thumb Code   182  _printf_wctomb.o(.text)
    _printf_longlong_dec                     0x08000919   Thumb Code   108  _printf_longlong_dec.o(.text)
    _printf_longlong_oct                     0x08000995   Thumb Code    66  _printf_oct_int_ll.o(.text)
    _printf_int_oct                          0x080009d7   Thumb Code    24  _printf_oct_int_ll.o(.text)
    _printf_ll_oct                           0x080009ef   Thumb Code    12  _printf_oct_int_ll.o(.text)
    _printf_longlong_hex                     0x08000a05   Thumb Code    86  _printf_hex_int_ll_ptr.o(.text)
    _printf_int_hex                          0x08000a5b   Thumb Code    28  _printf_hex_int_ll_ptr.o(.text)
    _printf_ll_hex                           0x08000a77   Thumb Code    12  _printf_hex_int_ll_ptr.o(.text)
    _printf_hex_ptr                          0x08000a83   Thumb Code    18  _printf_hex_int_ll_ptr.o(.text)
    _ll_udiv10                               0x08000a99   Thumb Code   138  lludiv10.o(.text)
    __lib_sel_fp_printf                      0x08000b23   Thumb Code     2  _printf_fp_dec.o(.text)
    _printf_fp_dec_real                      0x08000cd5   Thumb Code   620  _printf_fp_dec.o(.text)
    _printf_fp_hex_real                      0x08000f41   Thumb Code   756  _printf_fp_hex.o(.text)
    _printf_lcs_common                       0x0800123d   Thumb Code    20  _printf_wchar.o(.text)
    _printf_wchar                            0x08001251   Thumb Code    16  _printf_wchar.o(.text)
    _printf_wstring                          0x08001261   Thumb Code     8  _printf_wchar.o(.text)
    ferror                                   0x08001269   Thumb Code     8  ferror.o(.text)
    _wcrtomb                                 0x08001271   Thumb Code    64  _wcrtomb.o(.text)
    __user_setup_stackheap                   0x080012b1   Thumb Code    74  sys_stackheap_outer.o(.text)
    __rt_ctype_table                         0x080012fd   Thumb Code    16  rt_ctype_table.o(.text)
    __rt_locale                              0x0800130d   Thumb Code     8  rt_locale_intlibspace.o(.text)
    _printf_fp_infnan                        0x08001315   Thumb Code   112  _printf_fp_infnan.o(.text)
    _btod_etento                             0x08001395   Thumb Code   224  bigflt0.o(.text)
    exit                                     0x08001479   Thumb Code    18  exit.o(.text)
    __user_libspace                          0x0800148d   Thumb Code     8  libspace.o(.text)
    __user_perproc_libspace                  0x0800148d   Thumb Code     0  libspace.o(.text)
    __user_perthread_libspace                0x0800148d   Thumb Code     0  libspace.o(.text)
    strcmp                                   0x08001495   Thumb Code   128  strcmpv7m.o(.text)
    _btod_d2e                                0x08001515   Thumb Code    62  btod.o(CL$$btod_d2e)
    _d2e_denorm_low                          0x08001553   Thumb Code    70  btod.o(CL$$btod_d2e_denorm_low)
    _d2e_norm_op1                            0x08001599   Thumb Code    96  btod.o(CL$$btod_d2e_norm_op1)
    __btod_div_common                        0x080015f9   Thumb Code   696  btod.o(CL$$btod_div_common)
    _e2e                                     0x08001931   Thumb Code   220  btod.o(CL$$btod_e2e)
    _btod_ediv                               0x08001a0d   Thumb Code    42  btod.o(CL$$btod_ediv)
    _btod_emul                               0x08001a37   Thumb Code    42  btod.o(CL$$btod_emul)
    __btod_mult_common                       0x08001a61   Thumb Code   580  btod.o(CL$$btod_mult_common)
    BusFault_Handler                         0x08001ca5   Thumb Code     4  stm32f10x_it.o(i.BusFault_Handler)
    DHT11_Check                              0x08001ca9   Thumb Code   102  dht11.o(i.DHT11_Check)
    DHT11_Init                               0x08001d15   Thumb Code    46  dht11.o(i.DHT11_Init)
    DHT11_Read_Bit                           0x08001d49   Thumb Code    84  dht11.o(i.DHT11_Read_Bit)
    DHT11_Read_Byte                          0x08001da1   Thumb Code    30  dht11.o(i.DHT11_Read_Byte)
    DHT11_Read_Data                          0x08001dbf   Thumb Code    92  dht11.o(i.DHT11_Read_Data)
    DHT11_Rst                                0x08001e1d   Thumb Code    58  dht11.o(i.DHT11_Rst)
    DebugMon_Handler                         0x08001e5d   Thumb Code     2  stm32f10x_it.o(i.DebugMon_Handler)
    GPIO_Init                                0x08001e5f   Thumb Code   278  stm32f10x_gpio.o(i.GPIO_Init)
    GPIO_ReadInputDataBit                    0x08001f75   Thumb Code    18  stm32f10x_gpio.o(i.GPIO_ReadInputDataBit)
    GPIO_ResetBits                           0x08001f87   Thumb Code     4  stm32f10x_gpio.o(i.GPIO_ResetBits)
    GPIO_SetBits                             0x08001f8b   Thumb Code     4  stm32f10x_gpio.o(i.GPIO_SetBits)
    GPIO_WriteBit                            0x08001f8f   Thumb Code    10  stm32f10x_gpio.o(i.GPIO_WriteBit)
    HardFault_Handler                        0x08001f99   Thumb Code     4  stm32f10x_it.o(i.HardFault_Handler)
    LED_Init                                 0x08001f9d   Thumb Code    72  led.o(i.LED_Init)
    MemManage_Handler                        0x08001fed   Thumb Code     4  stm32f10x_it.o(i.MemManage_Handler)
    NMI_Handler                              0x08001ff1   Thumb Code     2  stm32f10x_it.o(i.NMI_Handler)
    NVIC_Init                                0x08001ff5   Thumb Code   100  misc.o(i.NVIC_Init)
    PendSV_Handler                           0x08002065   Thumb Code     2  stm32f10x_it.o(i.PendSV_Handler)
    RCC_APB1PeriphClockCmd                   0x08002069   Thumb Code    26  stm32f10x_rcc.o(i.RCC_APB1PeriphClockCmd)
    RCC_APB1PeriphResetCmd                   0x08002089   Thumb Code    26  stm32f10x_rcc.o(i.RCC_APB1PeriphResetCmd)
    RCC_APB2PeriphClockCmd                   0x080020a9   Thumb Code    26  stm32f10x_rcc.o(i.RCC_APB2PeriphClockCmd)
    RCC_APB2PeriphResetCmd                   0x080020c9   Thumb Code    26  stm32f10x_rcc.o(i.RCC_APB2PeriphResetCmd)
    RCC_GetClocksFreq                        0x080020e9   Thumb Code   192  stm32f10x_rcc.o(i.RCC_GetClocksFreq)
    SVC_Handler                              0x080021bd   Thumb Code     2  stm32f10x_it.o(i.SVC_Handler)
    SysTick_CLKSourceConfig                  0x080022a9   Thumb Code    40  misc.o(i.SysTick_CLKSourceConfig)
    SysTick_Handler                          0x080022d1   Thumb Code     2  stm32f10x_it.o(i.SysTick_Handler)
    SystemInit                               0x080022d5   Thumb Code    78  system_stm32f10x.o(i.SystemInit)
    TIM3_IRQHandler                          0x08002335   Thumb Code   128  timer.o(i.TIM3_IRQHandler)
    TIM3_Int_Init                            0x0800240d   Thumb Code    90  timer.o(i.TIM3_Int_Init)
    TIM4_IRQHandler                          0x0800246d   Thumb Code    40  usart2.o(i.TIM4_IRQHandler)
    TIM4_Init                                0x0800249d   Thumb Code    82  usart2.o(i.TIM4_Init)
    TIM4_Set                                 0x080024f5   Thumb Code    34  usart2.o(i.TIM4_Set)
    TIM_ClearITPendingBit                    0x0800251d   Thumb Code     6  stm32f10x_tim.o(i.TIM_ClearITPendingBit)
    TIM_Cmd                                  0x08002523   Thumb Code    24  stm32f10x_tim.o(i.TIM_Cmd)
    TIM_GetITStatus                          0x0800253b   Thumb Code    34  stm32f10x_tim.o(i.TIM_GetITStatus)
    TIM_ITConfig                             0x0800255d   Thumb Code    18  stm32f10x_tim.o(i.TIM_ITConfig)
    TIM_SetCounter                           0x0800256f   Thumb Code     4  stm32f10x_tim.o(i.TIM_SetCounter)
    TIM_TimeBaseInit                         0x08002575   Thumb Code   122  stm32f10x_tim.o(i.TIM_TimeBaseInit)
    USART1_IRQHandler                        0x08002619   Thumb Code   122  usart.o(i.USART1_IRQHandler)
    USART2_IRQHandler                        0x080026a1   Thumb Code    84  usart2.o(i.USART2_IRQHandler)
    USART2_Init                              0x08002705   Thumb Code   180  usart2.o(i.USART2_Init)
    USART_Cmd                                0x080027c5   Thumb Code    24  stm32f10x_usart.o(i.USART_Cmd)
    USART_DeInit                             0x080027dd   Thumb Code   134  stm32f10x_usart.o(i.USART_DeInit)
    USART_GetITStatus                        0x08002879   Thumb Code    84  stm32f10x_usart.o(i.USART_GetITStatus)
    USART_ITConfig                           0x080028cd   Thumb Code    74  stm32f10x_usart.o(i.USART_ITConfig)
    USART_Init                               0x08002919   Thumb Code   210  stm32f10x_usart.o(i.USART_Init)
    USART_ReceiveData                        0x080029f1   Thumb Code    10  stm32f10x_usart.o(i.USART_ReceiveData)
    UsageFault_Handler                       0x080029fb   Thumb Code     4  stm32f10x_it.o(i.UsageFault_Handler)
    __ARM_fpclassify                         0x080029ff   Thumb Code    40  fpclassify.o(i.__ARM_fpclassify)
    _is_digit                                0x08002a27   Thumb Code    14  __printf_wp.o(i._is_digit)
    _sys_exit                                0x08002a35   Thumb Code     4  usart.o(i._sys_exit)
    delay_init                               0x08002a39   Thumb Code    50  delay.o(i.delay_init)
    delay_ms                                 0x08002a7d   Thumb Code    72  delay.o(i.delay_ms)
    delay_us                                 0x08002ac9   Thumb Code    72  delay.o(i.delay_us)
    fputc                                    0x08002b15   Thumb Code    24  usart.o(i.fputc)
    init_wifi                                0x08002b31   Thumb Code   142  wifi.o(i.init_wifi)
    main                                     0x08002cdd   Thumb Code   152  main.o(i.main)
    rst_wifi                                 0x08002d9d   Thumb Code    28  wifi.o(i.rst_wifi)
    u2_printf                                0x08002dbd   Thumb Code    84  usart2.o(i.u2_printf)
    uart_init                                0x08002e19   Thumb Code   152  usart.o(i.uart_init)
    wifi_GPIO_Init                           0x08002eb9   Thumb Code    46  wifi.o(i.wifi_GPIO_Init)
    wifi_check_cmd                           0x08002eed   Thumb Code    44  wifi.o(i.wifi_check_cmd)
    wifi_send_cmd                            0x08002f21   Thumb Code    82  wifi.o(i.wifi_send_cmd)
    _get_lc_numeric                          0x08002f81   Thumb Code    44  lc_numeric_c.o(locale$$code)
    _get_lc_ctype                            0x08002fad   Thumb Code    44  lc_ctype_c.o(locale$$code)
    _printf_fp_dec                           0x08002fd9   Thumb Code     4  printf1.o(x$fpl$printf1)
    _printf_fp_hex                           0x08002fdd   Thumb Code     4  printf2.o(x$fpl$printf2)
    __I$use$fp                               0x08002fe0   Number         0  usenofp.o(x$fpl$usenofp)
    Region$$Table$$Base                      0x08003128   Number         0  anon$$obj.o(Region$$Table)
    Region$$Table$$Limit                     0x08003148   Number         0  anon$$obj.o(Region$$Table)
    __ctype                                  0x08003171   Data           0  lc_ctype_c.o(locale$$data)
    cmdLEDON                                 0x20000000   Data           4  main.o(.data)
    cmdLEDOFF                                0x20000004   Data           4  main.o(.data)
    SystemCoreClock                          0x20000008   Data           4  system_stm32f10x.o(.data)
    AHBPrescTable                            0x2000000c   Data          16  system_stm32f10x.o(.data)
    __stdout                                 0x20000020   Data           4  usart.o(.data)
    USART_RX_STA                             0x20000024   Data           2  usart.o(.data)
    USART2_RX_STA                            0x20000026   Data           2  usart2.o(.data)
    humi                                     0x20000028   Data           1  timer.o(.data)
    temp                                     0x20000029   Data           1  timer.o(.data)
    buf1                                     0x20000040   Data         100  main.o(.bss)
    USART_RX_BUF                             0x200000a4   Data         200  usart.o(.bss)
    USART2_TX_BUF                            0x20000170   Data        1024  usart2.o(.bss)
    USART2_RX_BUF                            0x20000570   Data        1024  usart2.o(.bss)
    buf2                                     0x20000970   Data          50  timer.o(.bss)
    __libspace_start                         0x200009a4   Data          96  libspace.o(.bss)
    __temporary_stack_top$libspace           0x20000a04   Data           0  libspace.o(.bss)



==============================================================================

Memory Map of the image

  Image Entry point : 0x08000131

  Load Region LR_IROM1 (Base: 0x08000000, Size: 0x000032b4, Max: 0x00040000, ABSOLUTE)

    Execution Region ER_IROM1 (Exec base: 0x08000000, Load base: 0x08000000, Size: 0x00003274, Max: 0x00040000, ABSOLUTE)

    Exec Addr    Load Addr    Size         Type   Attr      Idx    E Section Name        Object

    0x08000000   0x08000000   0x00000130   Data   RO          538    RESET               startup_stm32f10x_hd.o
    0x08000130   0x08000130   0x00000008   Code   RO         1674  * !!!main             c_w.l(__main.o)
    0x08000138   0x08000138   0x00000034   Code   RO         1970    !!!scatter          c_w.l(__scatter.o)
    0x0800016c   0x0800016c   0x0000001a   Code   RO         1972    !!handler_copy      c_w.l(__scatter_copy.o)
    0x08000186   0x08000186   0x00000002   PAD
    0x08000188   0x08000188   0x0000001c   Code   RO         1974    !!handler_zi        c_w.l(__scatter_zi.o)
    0x080001a4   0x080001a4   0x00000000   Code   RO         1663    .ARM.Collect$$_printf_percent$$00000000  c_w.l(_printf_percent.o)
    0x080001a4   0x080001a4   0x00000006   Code   RO         1728    .ARM.Collect$$_printf_percent$$00000001  c_w.l(_printf_n.o)
    0x080001aa   0x080001aa   0x00000006   Code   RO         1730    .ARM.Collect$$_printf_percent$$00000002  c_w.l(_printf_p.o)
    0x080001b0   0x080001b0   0x00000006   Code   RO         1734    .ARM.Collect$$_printf_percent$$00000003  c_w.l(_printf_f.o)
    0x080001b6   0x080001b6   0x00000006   Code   RO         1735    .ARM.Collect$$_printf_percent$$00000004  c_w.l(_printf_e.o)
    0x080001bc   0x080001bc   0x00000006   Code   RO         1736    .ARM.Collect$$_printf_percent$$00000005  c_w.l(_printf_g.o)
    0x080001c2   0x080001c2   0x00000006   Code   RO         1737    .ARM.Collect$$_printf_percent$$00000006  c_w.l(_printf_a.o)
    0x080001c8   0x080001c8   0x0000000a   Code   RO         1742    .ARM.Collect$$_printf_percent$$00000007  c_w.l(_printf_ll.o)
    0x080001d2   0x080001d2   0x00000006   Code   RO         1732    .ARM.Collect$$_printf_percent$$00000008  c_w.l(_printf_i.o)
    0x080001d8   0x080001d8   0x00000006   Code   RO         1662    .ARM.Collect$$_printf_percent$$00000009  c_w.l(_printf_d.o)
    0x080001de   0x080001de   0x00000006   Code   RO         1733    .ARM.Collect$$_printf_percent$$0000000A  c_w.l(_printf_u.o)
    0x080001e4   0x080001e4   0x00000006   Code   RO         1731    .ARM.Collect$$_printf_percent$$0000000B  c_w.l(_printf_o.o)
    0x080001ea   0x080001ea   0x00000006   Code   RO         1729    .ARM.Collect$$_printf_percent$$0000000C  c_w.l(_printf_x.o)
    0x080001f0   0x080001f0   0x00000006   Code   RO         1739    .ARM.Collect$$_printf_percent$$0000000D  c_w.l(_printf_lli.o)
    0x080001f6   0x080001f6   0x00000006   Code   RO         1740    .ARM.Collect$$_printf_percent$$0000000E  c_w.l(_printf_lld.o)
    0x080001fc   0x080001fc   0x00000006   Code   RO         1741    .ARM.Collect$$_printf_percent$$0000000F  c_w.l(_printf_llu.o)
    0x08000202   0x08000202   0x00000006   Code   RO         1746    .ARM.Collect$$_printf_percent$$00000010  c_w.l(_printf_llo.o)
    0x08000208   0x08000208   0x00000006   Code   RO         1747    .ARM.Collect$$_printf_percent$$00000011  c_w.l(_printf_llx.o)
    0x0800020e   0x0800020e   0x0000000a   Code   RO         1743    .ARM.Collect$$_printf_percent$$00000012  c_w.l(_printf_l.o)
    0x08000218   0x08000218   0x00000006   Code   RO         1727    .ARM.Collect$$_printf_percent$$00000013  c_w.l(_printf_c.o)
    0x0800021e   0x0800021e   0x00000006   Code   RO         1661    .ARM.Collect$$_printf_percent$$00000014  c_w.l(_printf_s.o)
    0x08000224   0x08000224   0x00000006   Code   RO         1744    .ARM.Collect$$_printf_percent$$00000015  c_w.l(_printf_lc.o)
    0x0800022a   0x0800022a   0x00000006   Code   RO         1745    .ARM.Collect$$_printf_percent$$00000016  c_w.l(_printf_ls.o)
    0x08000230   0x08000230   0x00000004   Code   RO         1738    .ARM.Collect$$_printf_percent$$00000017  c_w.l(_printf_percent_end.o)
    0x08000234   0x08000234   0x00000002   Code   RO         1834    .ARM.Collect$$libinit$$00000000  c_w.l(libinit.o)
    0x08000236   0x08000236   0x00000000   Code   RO         1851    .ARM.Collect$$libinit$$00000002  c_w.l(libinit2.o)
    0x08000236   0x08000236   0x00000000   Code   RO         1853    .ARM.Collect$$libinit$$00000004  c_w.l(libinit2.o)
    0x08000236   0x08000236   0x00000000   Code   RO         1856    .ARM.Collect$$libinit$$0000000A  c_w.l(libinit2.o)
    0x08000236   0x08000236   0x00000000   Code   RO         1858    .ARM.Collect$$libinit$$0000000C  c_w.l(libinit2.o)
    0x08000236   0x08000236   0x00000000   Code   RO         1860    .ARM.Collect$$libinit$$0000000E  c_w.l(libinit2.o)
    0x08000236   0x08000236   0x00000006   Code   RO         1861    .ARM.Collect$$libinit$$0000000F  c_w.l(libinit2.o)
    0x0800023c   0x0800023c   0x00000000   Code   RO         1863    .ARM.Collect$$libinit$$00000011  c_w.l(libinit2.o)
    0x0800023c   0x0800023c   0x0000000c   Code   RO         1864    .ARM.Collect$$libinit$$00000012  c_w.l(libinit2.o)
    0x08000248   0x08000248   0x00000000   Code   RO         1865    .ARM.Collect$$libinit$$00000013  c_w.l(libinit2.o)
    0x08000248   0x08000248   0x00000000   Code   RO         1867    .ARM.Collect$$libinit$$00000015  c_w.l(libinit2.o)
    0x08000248   0x08000248   0x0000000a   Code   RO         1868    .ARM.Collect$$libinit$$00000016  c_w.l(libinit2.o)
    0x08000252   0x08000252   0x00000000   Code   RO         1869    .ARM.Collect$$libinit$$00000017  c_w.l(libinit2.o)
    0x08000252   0x08000252   0x00000000   Code   RO         1871    .ARM.Collect$$libinit$$00000019  c_w.l(libinit2.o)
    0x08000252   0x08000252   0x00000000   Code   RO         1873    .ARM.Collect$$libinit$$0000001B  c_w.l(libinit2.o)
    0x08000252   0x08000252   0x00000000   Code   RO         1875    .ARM.Collect$$libinit$$0000001D  c_w.l(libinit2.o)
    0x08000252   0x08000252   0x00000000   Code   RO         1877    .ARM.Collect$$libinit$$0000001F  c_w.l(libinit2.o)
    0x08000252   0x08000252   0x00000000   Code   RO         1879    .ARM.Collect$$libinit$$00000021  c_w.l(libinit2.o)
    0x08000252   0x08000252   0x00000000   Code   RO         1881    .ARM.Collect$$libinit$$00000023  c_w.l(libinit2.o)
    0x08000252   0x08000252   0x00000000   Code   RO         1883    .ARM.Collect$$libinit$$00000025  c_w.l(libinit2.o)
    0x08000252   0x08000252   0x00000000   Code   RO         1887    .ARM.Collect$$libinit$$0000002C  c_w.l(libinit2.o)
    0x08000252   0x08000252   0x00000000   Code   RO         1889    .ARM.Collect$$libinit$$0000002E  c_w.l(libinit2.o)
    0x08000252   0x08000252   0x00000000   Code   RO         1891    .ARM.Collect$$libinit$$00000030  c_w.l(libinit2.o)
    0x08000252   0x08000252   0x00000000   Code   RO         1893    .ARM.Collect$$libinit$$00000032  c_w.l(libinit2.o)
    0x08000252   0x08000252   0x00000002   Code   RO         1894    .ARM.Collect$$libinit$$00000033  c_w.l(libinit2.o)
    0x08000254   0x08000254   0x00000002   Code   RO         1912    .ARM.Collect$$libshutdown$$00000000  c_w.l(libshutdown.o)
    0x08000256   0x08000256   0x00000000   Code   RO         1922    .ARM.Collect$$libshutdown$$00000002  c_w.l(libshutdown2.o)
    0x08000256   0x08000256   0x00000000   Code   RO         1924    .ARM.Collect$$libshutdown$$00000004  c_w.l(libshutdown2.o)
    0x08000256   0x08000256   0x00000000   Code   RO         1927    .ARM.Collect$$libshutdown$$00000007  c_w.l(libshutdown2.o)
    0x08000256   0x08000256   0x00000000   Code   RO         1930    .ARM.Collect$$libshutdown$$0000000A  c_w.l(libshutdown2.o)
    0x08000256   0x08000256   0x00000000   Code   RO         1932    .ARM.Collect$$libshutdown$$0000000C  c_w.l(libshutdown2.o)
    0x08000256   0x08000256   0x00000000   Code   RO         1935    .ARM.Collect$$libshutdown$$0000000F  c_w.l(libshutdown2.o)
    0x08000256   0x08000256   0x00000002   Code   RO         1936    .ARM.Collect$$libshutdown$$00000010  c_w.l(libshutdown2.o)
    0x08000258   0x08000258   0x00000000   Code   RO         1678    .ARM.Collect$$rtentry$$00000000  c_w.l(__rtentry.o)
    0x08000258   0x08000258   0x00000000   Code   RO         1757    .ARM.Collect$$rtentry$$00000002  c_w.l(__rtentry2.o)
    0x08000258   0x08000258   0x00000006   Code   RO         1769    .ARM.Collect$$rtentry$$00000004  c_w.l(__rtentry4.o)
    0x0800025e   0x0800025e   0x00000000   Code   RO         1759    .ARM.Collect$$rtentry$$00000009  c_w.l(__rtentry2.o)
    0x0800025e   0x0800025e   0x00000004   Code   RO         1760    .ARM.Collect$$rtentry$$0000000A  c_w.l(__rtentry2.o)
    0x08000262   0x08000262   0x00000000   Code   RO         1762    .ARM.Collect$$rtentry$$0000000C  c_w.l(__rtentry2.o)
    0x08000262   0x08000262   0x00000008   Code   RO         1763    .ARM.Collect$$rtentry$$0000000D  c_w.l(__rtentry2.o)
    0x0800026a   0x0800026a   0x00000002   Code   RO         1843    .ARM.Collect$$rtexit$$00000000  c_w.l(rtexit.o)
    0x0800026c   0x0800026c   0x00000000   Code   RO         1896    .ARM.Collect$$rtexit$$00000002  c_w.l(rtexit2.o)
    0x0800026c   0x0800026c   0x00000004   Code   RO         1897    .ARM.Collect$$rtexit$$00000003  c_w.l(rtexit2.o)
    0x08000270   0x08000270   0x00000006   Code   RO         1898    .ARM.Collect$$rtexit$$00000004  c_w.l(rtexit2.o)
    0x08000276   0x08000276   0x00000002   PAD
    0x08000278   0x08000278   0x00000040   Code   RO          539    .text               startup_stm32f10x_hd.o
    0x080002b8   0x080002b8   0x00000002   Code   RO         1623    .text               c_w.l(use_no_semi_2.o)
    0x080002ba   0x080002ba   0x00000002   PAD
    0x080002bc   0x080002bc   0x00000024   Code   RO         1625    .text               c_w.l(vsprintf.o)
    0x080002e0   0x080002e0   0x00000018   Code   RO         1627    .text               c_w.l(__2printf.o)
    0x080002f8   0x080002f8   0x0000002c   Code   RO         1629    .text               c_w.l(__2sprintf.o)
    0x08000324   0x08000324   0x00000052   Code   RO         1637    .text               c_w.l(_printf_str.o)
    0x08000376   0x08000376   0x00000002   PAD
    0x08000378   0x08000378   0x00000078   Code   RO         1639    .text               c_w.l(_printf_dec.o)
    0x080003f0   0x080003f0   0x00000188   Code   RO         1658    .text               c_w.l(__printf_flags_ss_wp.o)
    0x08000578   0x08000578   0x00000024   Code   RO         1664    .text               c_w.l(strstr.o)
    0x0800059c   0x0800059c   0x00000058   Code   RO         1666    .text               c_w.l(memcmp.o)
    0x080005f4   0x080005f4   0x00000048   Code   RO         1668    .text               c_w.l(strcpy.o)
    0x0800063c   0x0800063c   0x0000003e   Code   RO         1670    .text               c_w.l(strlen.o)
    0x0800067a   0x0800067a   0x00000006   Code   RO         1672    .text               c_w.l(heapauxi.o)
    0x08000680   0x08000680   0x00000002   Code   RO         1676    .text               c_w.l(use_no_semi.o)
    0x08000682   0x08000682   0x0000004e   Code   RO         1679    .text               c_w.l(_printf_pad.o)
    0x080006d0   0x080006d0   0x00000024   Code   RO         1681    .text               c_w.l(_printf_truncate.o)
    0x080006f4   0x080006f4   0x000000b2   Code   RO         1683    .text               c_w.l(_printf_intcommon.o)
    0x080007a6   0x080007a6   0x00000028   Code   RO         1685    .text               c_w.l(_printf_charcount.o)
    0x080007ce   0x080007ce   0x00000002   PAD
    0x080007d0   0x080007d0   0x00000030   Code   RO         1687    .text               c_w.l(_printf_char_common.o)
    0x08000800   0x08000800   0x0000000a   Code   RO         1689    .text               c_w.l(_sputc.o)
    0x0800080a   0x0800080a   0x0000002c   Code   RO         1691    .text               c_w.l(_printf_char.o)
    0x08000836   0x08000836   0x00000002   PAD
    0x08000838   0x08000838   0x00000024   Code   RO         1693    .text               c_w.l(_printf_char_file.o)
    0x0800085c   0x0800085c   0x000000bc   Code   RO         1695    .text               c_w.l(_printf_wctomb.o)
    0x08000918   0x08000918   0x0000007c   Code   RO         1698    .text               c_w.l(_printf_longlong_dec.o)
    0x08000994   0x08000994   0x00000070   Code   RO         1704    .text               c_w.l(_printf_oct_int_ll.o)
    0x08000a04   0x08000a04   0x00000094   Code   RO         1724    .text               c_w.l(_printf_hex_int_ll_ptr.o)
    0x08000a98   0x08000a98   0x0000008a   Code   RO         1771    .text               c_w.l(lludiv10.o)
    0x08000b22   0x08000b22   0x0000041e   Code   RO         1773    .text               c_w.l(_printf_fp_dec.o)
    0x08000f40   0x08000f40   0x000002fc   Code   RO         1775    .text               c_w.l(_printf_fp_hex.o)
    0x0800123c   0x0800123c   0x0000002c   Code   RO         1780    .text               c_w.l(_printf_wchar.o)
    0x08001268   0x08001268   0x00000008   Code   RO         1782    .text               c_w.l(ferror.o)
    0x08001270   0x08001270   0x00000040   Code   RO         1786    .text               c_w.l(_wcrtomb.o)
    0x080012b0   0x080012b0   0x0000004a   Code   RO         1788    .text               c_w.l(sys_stackheap_outer.o)
    0x080012fa   0x080012fa   0x00000002   PAD
    0x080012fc   0x080012fc   0x00000010   Code   RO         1790    .text               c_w.l(rt_ctype_table.o)
    0x0800130c   0x0800130c   0x00000008   Code   RO         1795    .text               c_w.l(rt_locale_intlibspace.o)
    0x08001314   0x08001314   0x00000080   Code   RO         1797    .text               c_w.l(_printf_fp_infnan.o)
    0x08001394   0x08001394   0x000000e4   Code   RO         1799    .text               c_w.l(bigflt0.o)
    0x08001478   0x08001478   0x00000012   Code   RO         1827    .text               c_w.l(exit.o)
    0x0800148a   0x0800148a   0x00000002   PAD
    0x0800148c   0x0800148c   0x00000008   Code   RO         1840    .text               c_w.l(libspace.o)
    0x08001494   0x08001494   0x00000080   Code   RO         1848    .text               c_w.l(strcmpv7m.o)
    0x08001514   0x08001514   0x0000003e   Code   RO         1802    CL$$btod_d2e        c_w.l(btod.o)
    0x08001552   0x08001552   0x00000046   Code   RO         1804    CL$$btod_d2e_denorm_low  c_w.l(btod.o)
    0x08001598   0x08001598   0x00000060   Code   RO         1803    CL$$btod_d2e_norm_op1  c_w.l(btod.o)
    0x080015f8   0x080015f8   0x00000338   Code   RO         1812    CL$$btod_div_common  c_w.l(btod.o)
    0x08001930   0x08001930   0x000000dc   Code   RO         1809    CL$$btod_e2e        c_w.l(btod.o)
    0x08001a0c   0x08001a0c   0x0000002a   Code   RO         1806    CL$$btod_ediv       c_w.l(btod.o)
    0x08001a36   0x08001a36   0x0000002a   Code   RO         1805    CL$$btod_emul       c_w.l(btod.o)
    0x08001a60   0x08001a60   0x00000244   Code   RO         1811    CL$$btod_mult_common  c_w.l(btod.o)
    0x08001ca4   0x08001ca4   0x00000004   Code   RO          139    i.BusFault_Handler  stm32f10x_it.o
    0x08001ca8   0x08001ca8   0x0000006c   Code   RO          274    i.DHT11_Check       dht11.o
    0x08001d14   0x08001d14   0x00000034   Code   RO          275    i.DHT11_Init        dht11.o
    0x08001d48   0x08001d48   0x00000058   Code   RO          276    i.DHT11_Read_Bit    dht11.o
    0x08001da0   0x08001da0   0x0000001e   Code   RO          277    i.DHT11_Read_Byte   dht11.o
    0x08001dbe   0x08001dbe   0x0000005c   Code   RO          278    i.DHT11_Read_Data   dht11.o
    0x08001e1a   0x08001e1a   0x00000002   PAD
    0x08001e1c   0x08001e1c   0x00000040   Code   RO          279    i.DHT11_Rst         dht11.o
    0x08001e5c   0x08001e5c   0x00000002   Code   RO          140    i.DebugMon_Handler  stm32f10x_it.o
    0x08001e5e   0x08001e5e   0x00000116   Code   RO          549    i.GPIO_Init         stm32f10x_gpio.o
    0x08001f74   0x08001f74   0x00000012   Code   RO          553    i.GPIO_ReadInputDataBit  stm32f10x_gpio.o
    0x08001f86   0x08001f86   0x00000004   Code   RO          556    i.GPIO_ResetBits    stm32f10x_gpio.o
    0x08001f8a   0x08001f8a   0x00000004   Code   RO          557    i.GPIO_SetBits      stm32f10x_gpio.o
    0x08001f8e   0x08001f8e   0x0000000a   Code   RO          560    i.GPIO_WriteBit     stm32f10x_gpio.o
    0x08001f98   0x08001f98   0x00000004   Code   RO          141    i.HardFault_Handler  stm32f10x_it.o
    0x08001f9c   0x08001f9c   0x00000050   Code   RO          262    i.LED_Init          led.o
    0x08001fec   0x08001fec   0x00000004   Code   RO          142    i.MemManage_Handler  stm32f10x_it.o
    0x08001ff0   0x08001ff0   0x00000002   Code   RO          143    i.NMI_Handler       stm32f10x_it.o
    0x08001ff2   0x08001ff2   0x00000002   PAD
    0x08001ff4   0x08001ff4   0x00000070   Code   RO         1037    i.NVIC_Init         misc.o
    0x08002064   0x08002064   0x00000002   Code   RO          144    i.PendSV_Handler    stm32f10x_it.o
    0x08002066   0x08002066   0x00000002   PAD
    0x08002068   0x08002068   0x00000020   Code   RO          659    i.RCC_APB1PeriphClockCmd  stm32f10x_rcc.o
    0x08002088   0x08002088   0x00000020   Code   RO          660    i.RCC_APB1PeriphResetCmd  stm32f10x_rcc.o
    0x080020a8   0x080020a8   0x00000020   Code   RO          661    i.RCC_APB2PeriphClockCmd  stm32f10x_rcc.o
    0x080020c8   0x080020c8   0x00000020   Code   RO          662    i.RCC_APB2PeriphResetCmd  stm32f10x_rcc.o
    0x080020e8   0x080020e8   0x000000d4   Code   RO          669    i.RCC_GetClocksFreq  stm32f10x_rcc.o
    0x080021bc   0x080021bc   0x00000002   Code   RO          145    i.SVC_Handler       stm32f10x_it.o
    0x080021be   0x080021be   0x00000008   Code   RO          228    i.SetSysClock       system_stm32f10x.o
    0x080021c6   0x080021c6   0x00000002   PAD
    0x080021c8   0x080021c8   0x000000e0   Code   RO          229    i.SetSysClockTo72   system_stm32f10x.o
    0x080022a8   0x080022a8   0x00000028   Code   RO         1041    i.SysTick_CLKSourceConfig  misc.o
    0x080022d0   0x080022d0   0x00000002   Code   RO          146    i.SysTick_Handler   stm32f10x_it.o
    0x080022d2   0x080022d2   0x00000002   PAD
    0x080022d4   0x080022d4   0x00000060   Code   RO          231    i.SystemInit        system_stm32f10x.o
    0x08002334   0x08002334   0x000000d8   Code   RO          504    i.TIM3_IRQHandler   timer.o
    0x0800240c   0x0800240c   0x00000060   Code   RO          505    i.TIM3_Int_Init     timer.o
    0x0800246c   0x0800246c   0x00000030   Code   RO          448    i.TIM4_IRQHandler   usart2.o
    0x0800249c   0x0800249c   0x00000058   Code   RO          449    i.TIM4_Init         usart2.o
    0x080024f4   0x080024f4   0x00000028   Code   RO          450    i.TIM4_Set          usart2.o
    0x0800251c   0x0800251c   0x00000006   Code   RO         1084    i.TIM_ClearITPendingBit  stm32f10x_tim.o
    0x08002522   0x08002522   0x00000018   Code   RO         1089    i.TIM_Cmd           stm32f10x_tim.o
    0x0800253a   0x0800253a   0x00000022   Code   RO         1110    i.TIM_GetITStatus   stm32f10x_tim.o
    0x0800255c   0x0800255c   0x00000012   Code   RO         1114    i.TIM_ITConfig      stm32f10x_tim.o
    0x0800256e   0x0800256e   0x00000004   Code   RO         1154    i.TIM_SetCounter    stm32f10x_tim.o
    0x08002572   0x08002572   0x00000002   PAD
    0x08002574   0x08002574   0x000000a4   Code   RO         1160    i.TIM_TimeBaseInit  stm32f10x_tim.o
    0x08002618   0x08002618   0x00000088   Code   RO          407    i.USART1_IRQHandler  usart.o
    0x080026a0   0x080026a0   0x00000064   Code   RO          451    i.USART2_IRQHandler  usart2.o
    0x08002704   0x08002704   0x000000c0   Code   RO          452    i.USART2_Init       usart2.o
    0x080027c4   0x080027c4   0x00000018   Code   RO          861    i.USART_Cmd         stm32f10x_usart.o
    0x080027dc   0x080027dc   0x0000009c   Code   RO          863    i.USART_DeInit      stm32f10x_usart.o
    0x08002878   0x08002878   0x00000054   Code   RO          865    i.USART_GetITStatus  stm32f10x_usart.o
    0x080028cc   0x080028cc   0x0000004a   Code   RO          867    i.USART_ITConfig    stm32f10x_usart.o
    0x08002916   0x08002916   0x00000002   PAD
    0x08002918   0x08002918   0x000000d8   Code   RO          868    i.USART_Init        stm32f10x_usart.o
    0x080029f0   0x080029f0   0x0000000a   Code   RO          875    i.USART_ReceiveData  stm32f10x_usart.o
    0x080029fa   0x080029fa   0x00000004   Code   RO          147    i.UsageFault_Handler  stm32f10x_it.o
    0x080029fe   0x080029fe   0x00000028   Code   RO         1838    i.__ARM_fpclassify  m_ws.l(fpclassify.o)
    0x08002a26   0x08002a26   0x0000000e   Code   RO         1651    i._is_digit         c_w.l(__printf_wp.o)
    0x08002a34   0x08002a34   0x00000004   Code   RO          408    i._sys_exit         usart.o
    0x08002a38   0x08002a38   0x00000044   Code   RO          352    i.delay_init        delay.o
    0x08002a7c   0x08002a7c   0x0000004c   Code   RO          353    i.delay_ms          delay.o
    0x08002ac8   0x08002ac8   0x0000004c   Code   RO          354    i.delay_us          delay.o
    0x08002b14   0x08002b14   0x0000001c   Code   RO          409    i.fputc             usart.o
    0x08002b30   0x08002b30   0x000001ac   Code   RO          316    i.init_wifi         wifi.o
    0x08002cdc   0x08002cdc   0x000000c0   Code   RO            1    i.main              main.o
    0x08002d9c   0x08002d9c   0x00000020   Code   RO          317    i.rst_wifi          wifi.o
    0x08002dbc   0x08002dbc   0x0000005c   Code   RO          453    i.u2_printf         usart2.o
    0x08002e18   0x08002e18   0x000000a0   Code   RO          410    i.uart_init         usart.o
    0x08002eb8   0x08002eb8   0x00000034   Code   RO          318    i.wifi_GPIO_Init    wifi.o
    0x08002eec   0x08002eec   0x00000034   Code   RO          319    i.wifi_check_cmd    wifi.o
    0x08002f20   0x08002f20   0x00000060   Code   RO          320    i.wifi_send_cmd     wifi.o
    0x08002f80   0x08002f80   0x0000002c   Code   RO         1825    locale$$code        c_w.l(lc_numeric_c.o)
    0x08002fac   0x08002fac   0x0000002c   Code   RO         1846    locale$$code        c_w.l(lc_ctype_c.o)
    0x08002fd8   0x08002fd8   0x00000004   Code   RO         1748    x$fpl$printf1       fz_ws.l(printf1.o)
    0x08002fdc   0x08002fdc   0x00000004   Code   RO         1750    x$fpl$printf2       fz_ws.l(printf2.o)
    0x08002fe0   0x08002fe0   0x00000000   Code   RO         1837    x$fpl$usenofp       fz_ws.l(usenofp.o)
    0x08002fe0   0x08002fe0   0x00000011   Data   RO         1659    .constdata          c_w.l(__printf_flags_ss_wp.o)
    0x08002ff1   0x08002ff1   0x00000003   PAD
    0x08002ff4   0x08002ff4   0x00000008   Data   RO         1696    .constdata          c_w.l(_printf_wctomb.o)
    0x08002ffc   0x08002ffc   0x00000028   Data   RO         1725    .constdata          c_w.l(_printf_hex_int_ll_ptr.o)
    0x08003024   0x08003024   0x00000026   Data   RO         1776    .constdata          c_w.l(_printf_fp_hex.o)
    0x0800304a   0x0800304a   0x00000002   PAD
    0x0800304c   0x0800304c   0x00000094   Data   RO         1800    .constdata          c_w.l(bigflt0.o)
    0x080030e0   0x080030e0   0x00000045   Data   RO            3    .conststring        main.o
    0x08003125   0x08003125   0x00000003   PAD
    0x08003128   0x08003128   0x00000020   Data   RO         1968    Region$$Table       anon$$obj.o
    0x08003148   0x08003148   0x0000001c   Data   RO         1824    locale$$data        c_w.l(lc_numeric_c.o)
    0x08003164   0x08003164   0x00000110   Data   RO         1845    locale$$data        c_w.l(lc_ctype_c.o)


    Execution Region RW_IRAM1 (Exec base: 0x20000000, Load base: 0x08003274, Size: 0x00001008, Max: 0x0000c000, ABSOLUTE)

    Exec Addr    Load Addr    Size         Type   Attr      Idx    E Section Name        Object

    0x20000000   0x08003274   0x00000008   Data   RW            4    .data               main.o
    0x20000008   0x0800327c   0x00000014   Data   RW          232    .data               system_stm32f10x.o
    0x2000001c   0x08003290   0x00000004   Data   RW          355    .data               delay.o
    0x20000020   0x08003294   0x00000006   Data   RW          412    .data               usart.o
    0x20000026   0x0800329a   0x00000002   Data   RW          455    .data               usart2.o
    0x20000028   0x0800329c   0x00000002   Data   RW          507    .data               timer.o
    0x2000002a   0x0800329e   0x00000014   Data   RW          689    .data               stm32f10x_rcc.o
    0x2000003e   0x080032b2   0x00000002   PAD
    0x20000040        -       0x00000064   Zero   RW            2    .bss                main.o
    0x200000a4        -       0x000000c8   Zero   RW          411    .bss                usart.o
    0x2000016c   0x080032b2   0x00000004   PAD
    0x20000170        -       0x00000800   Zero   RW          454    .bss                usart2.o
    0x20000970        -       0x00000032   Zero   RW          506    .bss                timer.o
    0x200009a2   0x080032b2   0x00000002   PAD
    0x200009a4        -       0x00000060   Zero   RW         1841    .bss                c_w.l(libspace.o)
    0x20000a04   0x080032b2   0x00000004   PAD
    0x20000a08        -       0x00000200   Zero   RW          537    HEAP                startup_stm32f10x_hd.o
    0x20000c08        -       0x00000400   Zero   RW          536    STACK               startup_stm32f10x_hd.o


==============================================================================

Image component sizes


      Code (inc. data)   RO Data    RW Data    ZI Data      Debug   Object Name

       220         26          0          4          0       1739   delay.o
       434         22          0          0          0       3536   dht11.o
        80          8          0          0          0        499   led.o
       192         40         69          8        100     254165   main.o
       152         12          0          0          0       1554   misc.o
        64         26        304          0       1536        808   startup_stm32f10x_hd.o
       314          0          0          0          0       4264   stm32f10x_gpio.o
        26          0          0          0          0       3738   stm32f10x_it.o
       340         44          0         20          0       5596   stm32f10x_rcc.o
       250         42          0          0          0       4115   stm32f10x_tim.o
       564         28          0          0          0       5641   stm32f10x_usart.o
         0          0          0          0          0         32   sys.o
       328         28          0         20          0       2105   system_stm32f10x.o
       312         94          0          2         50       1939   timer.o
       328         26          0          6        200       4132   usart.o
       560         56          0          2       2048       4967   usart2.o
       660        318          0          0          0       3305   wifi.o

    ----------------------------------------------------------------------
      4838        770        408         64       3940     302135   Object Totals
         0          0         32          0          0          0   (incl. Generated)
        14          0          3          2          6          0   (incl. Padding)

    ----------------------------------------------------------------------

      Code (inc. data)   RO Data    RW Data    ZI Data      Debug   Library Member Name

        24          4          0          0          0         84   __2printf.o
        44          6          0          0          0         84   __2sprintf.o
         8          0          0          0          0         68   __main.o
       392          4         17          0          0         92   __printf_flags_ss_wp.o
        14          0          0          0          0         68   __printf_wp.o
         0          0          0          0          0          0   __rtentry.o
        12          0          0          0          0          0   __rtentry2.o
         6          0          0          0          0          0   __rtentry4.o
        52          8          0          0          0          0   __scatter.o
        26          0          0          0          0          0   __scatter_copy.o
        28          0          0          0          0          0   __scatter_zi.o
         6          0          0          0          0          0   _printf_a.o
         6          0          0          0          0          0   _printf_c.o
        44          0          0          0          0        108   _printf_char.o
        48          6          0          0          0         96   _printf_char_common.o
        36          4          0          0          0         80   _printf_char_file.o
        40          0          0          0          0         68   _printf_charcount.o
         6          0          0          0          0          0   _printf_d.o
       120         16          0          0          0         92   _printf_dec.o
         6          0          0          0          0          0   _printf_e.o
         6          0          0          0          0          0   _printf_f.o
      1054          0          0          0          0        216   _printf_fp_dec.o
       764          8         38          0          0        100   _printf_fp_hex.o
       128         16          0          0          0         84   _printf_fp_infnan.o
         6          0          0          0          0          0   _printf_g.o
       148          4         40          0          0        160   _printf_hex_int_ll_ptr.o
         6          0          0          0          0          0   _printf_i.o
       178          0          0          0          0         88   _printf_intcommon.o
        10          0          0          0          0          0   _printf_l.o
         6          0          0          0          0          0   _printf_lc.o
        10          0          0          0          0          0   _printf_ll.o
         6          0          0          0          0          0   _printf_lld.o
         6          0          0          0          0          0   _printf_lli.o
         6          0          0          0          0          0   _printf_llo.o
         6          0          0          0          0          0   _printf_llu.o
         6          0          0          0          0          0   _printf_llx.o
       124         16          0          0          0         92   _printf_longlong_dec.o
         6          0          0          0          0          0   _printf_ls.o
         6          0          0          0          0          0   _printf_n.o
         6          0          0          0          0          0   _printf_o.o
       112         10          0          0          0        124   _printf_oct_int_ll.o
         6          0          0          0          0          0   _printf_p.o
        78          0          0          0          0        108   _printf_pad.o
         0          0          0          0          0          0   _printf_percent.o
         4          0          0          0          0          0   _printf_percent_end.o
         6          0          0          0          0          0   _printf_s.o
        82          0          0          0          0         80   _printf_str.o
        36          0          0          0          0         84   _printf_truncate.o
         6          0          0          0          0          0   _printf_u.o
        44          0          0          0          0        108   _printf_wchar.o
       188          6          8          0          0         92   _printf_wctomb.o
         6          0          0          0          0          0   _printf_x.o
        10          0          0          0          0         68   _sputc.o
        64          0          0          0          0         92   _wcrtomb.o
       228          4        148          0          0         96   bigflt0.o
      1936        128          0          0          0        672   btod.o
        18          0          0          0          0         80   exit.o
         8          0          0          0          0         68   ferror.o
         6          0          0          0          0        152   heapauxi.o
        44         10        272          0          0         76   lc_ctype_c.o
        44         10         28          0          0         76   lc_numeric_c.o
         2          0          0          0          0          0   libinit.o
        30          0          0          0          0          0   libinit2.o
         2          0          0          0          0          0   libshutdown.o
         2          0          0          0          0          0   libshutdown2.o
         8          4          0          0         96         68   libspace.o
       138          0          0          0          0         80   lludiv10.o
        88          0          0          0          0         76   memcmp.o
        16          4          0          0          0         76   rt_ctype_table.o
         8          4          0          0          0         68   rt_locale_intlibspace.o
         2          0          0          0          0          0   rtexit.o
        10          0          0          0          0          0   rtexit2.o
       128          0          0          0          0         68   strcmpv7m.o
        72          0          0          0          0         80   strcpy.o
        62          0          0          0          0         76   strlen.o
        36          0          0          0          0         80   strstr.o
        74          0          0          0          0         80   sys_stackheap_outer.o
         2          0          0          0          0         68   use_no_semi.o
         2          0          0          0          0         68   use_no_semi_2.o
        36          4          0          0          0         76   vsprintf.o
         4          0          0          0          0         68   printf1.o
         4          0          0          0          0         68   printf2.o
         0          0          0          0          0          0   usenofp.o
        40          0          0          0          0         68   fpclassify.o

    ----------------------------------------------------------------------
      7114        276        556          0        100       4724   Library Totals
        16          0          5          0          4          0   (incl. Padding)

    ----------------------------------------------------------------------

      Code (inc. data)   RO Data    RW Data    ZI Data      Debug   Library Name

      7050        276        551          0         96       4520   c_w.l
         8          0          0          0          0        136   fz_ws.l
        40          0          0          0          0         68   m_ws.l

    ----------------------------------------------------------------------
      7114        276        556          0        100       4724   Library Totals

    ----------------------------------------------------------------------

==============================================================================


      Code (inc. data)   RO Data    RW Data    ZI Data      Debug   

     11952       1046        964         64       4040     301135   Grand Totals
     11952       1046        964         64       4040     301135   ELF Image Totals
     11952       1046        964         64          0          0   ROM Totals

==============================================================================

    Total RO  Size (Code + RO Data)                12916 (  12.61kB)
    Total RW  Size (RW Data + ZI Data)              4104 (   4.01kB)
    Total ROM Size (Code + RO Data + RW Data)      12980 (  12.68kB)

==============================================================================

