<html>
<body>
<pre>
<h1>µVision Build Log</h1>
<h2>Tool Versions:</h2>
IDE-Version: ¶ÃVision V5.24.2.0
Copyright (C) 2017 ARM Ltd and ARM Germany GmbH. All rights reserved.
License Information: GS zero, 1, LIC=RC93N-YEK5V-2ZTW4-F4I9Z-DNA08-V8AFH
 
Tool Versions:
Toolchain:       MDK-ARM Plus  Version: 5.24.1
Toolchain Path:  D:\soft\Keil_v5\ARM\ARMCC\Bin
C Compiler:      Armcc.exe V5.06 update 5 (build 528)
Assembler:       Armasm.exe V5.06 update 5 (build 528)
Linker/Locator:  ArmLink.exe V5.06 update 5 (build 528)
Library Manager: ArmAr.exe V5.06 update 5 (build 528)
Hex Converter:   FromElf.exe V5.06 update 5 (build 528)
CPU DLL:         SARMCM3.DLL V5.24.1
Dialog DLL:      DARMSTM.DLL V1.68.0.0
Target DLL:      STLink\ST-LINKIII-KEIL_SWO.dll V3.0.1.0
Dialog DLL:      TARMSTM.DLL V1.66.0.0
 
<h2>Project:</h2>
D:\data\workspace\java\blog-3.0\device\stm32\stm32f103c8t6\stm32f103c8t6_demo\stm32f103.uvprojx
Project File Date:  07/01/2025

<h2>Output:</h2>
*** Using Compiler 'V5.06 update 5 (build 528)', folder: 'D:\soft\Keil_v5\ARM\ARMCC\Bin'
Rebuild target 'STM32F103'
compiling core_cm3.c...
assembling startup_stm32f10x_md.s...
compiling led.c...
compiling system_stm32f10x.c...
compiling stm32f10x_exti.c...
compiling base64.c...
compiling stm32f10x_usart.c...
compiling hmac_sha1.c...
compiling usart.c...
compiling stm32f10x_gpio.c...
compiling key.c...
compiling delay.c...
compiling dht11.c...
hardware\src\dht11.c(18): warning:  #188-D: enumerated type mixed with another type
  	
HT11_DQ_OUT(0); 	//¿≠µÕDQ
hardware\src\dht11.c(20): warning:  #188-D: enumerated type mixed with another type
  	
HT11_DQ_OUT(1); 	//DQ=1 
hardware\src\dht11.c: 2 warnings, 0 errors
compiling misc.c...
compiling stm32f10x_it.c...
compiling main.c...
user\main.c(98): warning:  #192-D: unrecognized character escape sequence
      sprintf(jsonStr, "{\\\"temp\\\":%d\\\, \\\"humi\\\":%d}", temp, humi);
user\main.c(66): warning:  #177-D: variable "timeCount"  was declared but never referenced
  	unsigned short timeCount = 0;	//ÂèëÈÄÅÈó¥ÈöîÂèòÈá?
user\main.c(68): warning:  #177-D: variable "dataPtr"  was declared but never referenced
  	unsigned char *dataPtr = NULL;
user\main.c(72): warning:  #177-D: variable "str5"  was declared but never referenced
  	char str5[128] = "AT+MQTTPUB=0,\"pubtest\",\"{temp:1;humi:1}\",0,0\r\n";
user\main.c: 4 warnings, 0 errors
compiling stm32f10x_rcc.c...
compiling onenet.c...
compiling MqttKit.c...
compiling esp8266.c...
NET\device\src\esp8266.c(115): warning:  #167-D: argument of type "unsigned char *" is incompatible with parameter of type "char *"
  			UsartPrintf(
SART_DEBUG, esp8266_buf);
NET\device\src\esp8266.c: 1 warning, 0 errors
linking...
Program Size: Code=13212 RO-data=912 RW-data=52 ZI-data=2148  
FromELF: creating hex file...
".\output\stm32f103.axf" - 0 Error(s), 7 Warning(s).

<h2>Software Packages used:</h2>

Package Vendor: ARM
                http://www.keil.com/pack/ARM.CMSIS.5.0.1.pack
                ARM.CMSIS.5.0.1
                CMSIS (Cortex Microcontroller Software Interface Standard)
   * Component: CORE Version: 5.0.1

Package Vendor: Keil
                http://www.keil.com/pack/Keil.STM32F1xx_DFP.2.2.0.pack
                Keil.STM32F1xx_DFP.2.2.0
                STMicroelectronics STM32F1 Series Device Support, Drivers and Examples

<h2>Collection of Component include folders:</h2>
  .\RTE\_STM32F103
  D:\soft\Keil_v5\ARM\PACK\ARM\CMSIS\5.0.1\CMSIS\Include
  D:\soft\Keil_v5\ARM\PACK\Keil\STM32F1xx_DFP\2.2.0\Device\Include

<h2>Collection of Component Files used:</h2>

   * Component: ARM::CMSIS:CORE:5.0.1
Build Time Elapsed:  00:00:01
</pre>
</body>
</html>
